Component: ARM Compiler 5.06 update 5 (build 528) Tool: armlink [4d35e2]

==============================================================================

Section Cross References

    main.o(i.ReadData) refers to ioi2c.o(i.IICreadBytes) for IICreadBytes
    main.o(i.ReadData) refers to main.o(i.CharToShort) for CharToShort
    main.o(i.ReadData) refers to fflti.o(.text) for __aeabi_i2f
    main.o(i.ReadData) refers to fdiv.o(.text) for __aeabi_fdiv
    main.o(i.ReadData) refers to fmul.o(.text) for __aeabi_fmul
    main.o(i.ReadData) refers to f2d.o(.text) for __aeabi_f2d
    main.o(i.ReadData) refers to printfa.o(i.__0sprintf) for __2sprintf
    main.o(i.ReadData) refers to uart1.o(i.UART1_Put_String) for UART1_Put_String
    main.o(i.ReadData) refers to strlen.o(.text) for strlen
    main.o(i.ReadData) refers to hw_config.o(i.USB_TxWrite) for USB_TxWrite
    main.o(i.ReadData) refers to main.o(.bss) for chrTemp
    main.o(i.ReadData) refers to main.o(.conststring) for .conststring
    main.o(i.main) refers to hw_config.o(i.USB_Config) for USB_Config
    main.o(i.main) refers to delay.o(i.SysTick_init) for SysTick_init
    main.o(i.main) refers to uart1.o(i.Initial_UART1) for Initial_UART1
    main.o(i.main) refers to ioi2c.o(i.IIC_Init) for IIC_Init
    main.o(i.main) refers to delay.o(i.delay_ms) for delay_ms
    main.o(i.main) refers to main.o(i.ReadData) for ReadData
    delay.o(i.CheckSystemTick) refers to delay.o(.data) for ucTimeFlag
    delay.o(i.SysTick_Handler) refers to delay.o(.data) for ucTimeFlag
    delay.o(i.SysTick_init) refers to misc.o(i.NVIC_PriorityGroupConfig) for NVIC_PriorityGroupConfig
    delay.o(i.SysTick_init) refers to misc.o(i.NVIC_Init) for NVIC_Init
    delay.o(i.SysTick_init) refers to delay.o(.data) for fac_us
    delay.o(i.delay_ms) refers to delay.o(.data) for fac_ms
    delay.o(i.delay_us) refers to delay.o(.data) for fac_us
    ioi2c.o(i.IIC_Ack) refers to ioi2c.o(i.Delay) for Delay
    ioi2c.o(i.IIC_Init) refers to stm32f10x_rcc.o(i.RCC_APB2PeriphClockCmd) for RCC_APB2PeriphClockCmd
    ioi2c.o(i.IIC_Init) refers to stm32f10x_gpio.o(i.GPIO_Init) for GPIO_Init
    ioi2c.o(i.IIC_NAck) refers to ioi2c.o(i.Delay) for Delay
    ioi2c.o(i.IIC_Read_Byte) refers to ioi2c.o(i.Delay) for Delay
    ioi2c.o(i.IIC_Read_Byte) refers to ioi2c.o(i.IIC_Ack) for IIC_Ack
    ioi2c.o(i.IIC_Read_Byte) refers to ioi2c.o(i.IIC_NAck) for IIC_NAck
    ioi2c.o(i.IIC_Send_Byte) refers to ioi2c.o(i.Delay) for Delay
    ioi2c.o(i.IIC_Start) refers to ioi2c.o(i.Delay) for Delay
    ioi2c.o(i.IIC_Stop) refers to ioi2c.o(i.Delay) for Delay
    ioi2c.o(i.IIC_Wait_Ack) refers to ioi2c.o(i.Delay) for Delay
    ioi2c.o(i.IIC_Wait_Ack) refers to ioi2c.o(i.IIC_Stop) for IIC_Stop
    ioi2c.o(i.IICreadBytes) refers to ioi2c.o(i.IIC_Start) for IIC_Start
    ioi2c.o(i.IICreadBytes) refers to ioi2c.o(i.IIC_Send_Byte) for IIC_Send_Byte
    ioi2c.o(i.IICreadBytes) refers to ioi2c.o(i.IIC_Wait_Ack) for IIC_Wait_Ack
    ioi2c.o(i.IICreadBytes) refers to ioi2c.o(i.IIC_Read_Byte) for IIC_Read_Byte
    ioi2c.o(i.IICreadBytes) refers to ioi2c.o(i.IIC_Stop) for IIC_Stop
    ioi2c.o(i.IICwriteBytes) refers to ioi2c.o(i.IIC_Start) for IIC_Start
    ioi2c.o(i.IICwriteBytes) refers to ioi2c.o(i.IIC_Send_Byte) for IIC_Send_Byte
    ioi2c.o(i.IICwriteBytes) refers to ioi2c.o(i.IIC_Wait_Ack) for IIC_Wait_Ack
    ioi2c.o(i.IICwriteBytes) refers to ioi2c.o(i.IIC_Stop) for IIC_Stop
    uart1.o(i.CopeSerialData) refers to uart1.o(.data) for ucRxCnt
    uart1.o(i.CopeSerialData) refers to uart1.o(.bss) for ucRxBuffer
    uart1.o(i.Initial_UART1) refers to stm32f10x_rcc.o(i.RCC_APB2PeriphClockCmd) for RCC_APB2PeriphClockCmd
    uart1.o(i.Initial_UART1) refers to stm32f10x_gpio.o(i.GPIO_Init) for GPIO_Init
    uart1.o(i.Initial_UART1) refers to stm32f10x_usart.o(i.USART_Init) for USART_Init
    uart1.o(i.Initial_UART1) refers to stm32f10x_usart.o(i.USART_ITConfig) for USART_ITConfig
    uart1.o(i.Initial_UART1) refers to stm32f10x_usart.o(i.USART_ClearFlag) for USART_ClearFlag
    uart1.o(i.Initial_UART1) refers to stm32f10x_usart.o(i.USART_Cmd) for USART_Cmd
    uart1.o(i.Initial_UART1) refers to misc.o(i.NVIC_Init) for NVIC_Init
    uart1.o(i.UART1_Put_Char) refers to stm32f10x_usart.o(i.USART_ITConfig) for USART_ITConfig
    uart1.o(i.UART1_Put_Char) refers to uart1.o(.data) for count
    uart1.o(i.UART1_Put_Char) refers to uart1.o(.bss) for TxBuffer
    uart1.o(i.UART1_Put_String) refers to uart1.o(i.UART1_Put_Char) for UART1_Put_Char
    uart1.o(i.USART1_IRQHandler) refers to stm32f10x_usart.o(i.USART_GetITStatus) for USART_GetITStatus
    uart1.o(i.USART1_IRQHandler) refers to stm32f10x_usart.o(i.USART_SendData) for USART_SendData
    uart1.o(i.USART1_IRQHandler) refers to stm32f10x_usart.o(i.USART_ITConfig) for USART_ITConfig
    uart1.o(i.USART1_IRQHandler) refers to stm32f10x_usart.o(i.USART_ClearITPendingBit) for USART_ClearITPendingBit
[...]
    ../fplib/microlib/f2d.c                  0x00000000   Number         0  f2d.o ABSOLUTE
    ../fplib/microlib/fpadd.c                0x00000000   Number         0  dadd.o ABSOLUTE
    ../fplib/microlib/fpdiv.c                0x00000000   Number         0  fdiv.o ABSOLUTE
    ../fplib/microlib/fpdiv.c                0x00000000   Number         0  ddiv.o ABSOLUTE
    ../fplib/microlib/fpepilogue.c           0x00000000   Number         0  fepilogue.o ABSOLUTE
    ../fplib/microlib/fpepilogue.c           0x00000000   Number         0  depilogue.o ABSOLUTE
    ../fplib/microlib/fpfix.c                0x00000000   Number         0  dfixul.o ABSOLUTE
    ../fplib/microlib/fpflt.c                0x00000000   Number         0  fflti.o ABSOLUTE
    ../fplib/microlib/fpmul.c                0x00000000   Number         0  dmul.o ABSOLUTE
    ../fplib/microlib/fpmul.c                0x00000000   Number         0  fmul.o ABSOLUTE
    ..\Source\APP\Main.c                     0x00000000   Number         0  main.o ABSOLUTE
    ..\Source\Drive\IOI2C.c                  0x00000000   Number         0  ioi2c.o ABSOLUTE
    ..\Source\Drive\UART1.c                  0x00000000   Number         0  uart1.o ABSOLUTE
    ..\Source\Drive\UART2.c                  0x00000000   Number         0  uart2.o ABSOLUTE
    ..\Source\Drive\delay.c                  0x00000000   Number         0  delay.o ABSOLUTE
    ..\Source\Public\Queue.c                 0x00000000   Number         0  queue.o ABSOLUTE
    ..\Source\STM32F10xLib\M3\stm32f10x_it.c 0x00000000   Number         0  stm32f10x_it.o ABSOLUTE
    ..\Source\STM32F10xLib\M3\system_stm32f10x.c 0x00000000   Number         0  system_stm32f10x.o ABSOLUTE
    ..\Source\STM32F10xLib\src\misc.c        0x00000000   Number         0  misc.o ABSOLUTE
    ..\Source\STM32F10xLib\src\stm32f10x_adc.c 0x00000000   Number         0  stm32f10x_adc.o ABSOLUTE
    ..\Source\STM32F10xLib\src\stm32f10x_bkp.c 0x00000000   Number         0  stm32f10x_bkp.o ABSOLUTE
    ..\Source\STM32F10xLib\src\stm32f10x_can.c 0x00000000   Number         0  stm32f10x_can.o ABSOLUTE
    ..\Source\STM32F10xLib\src\stm32f10x_dac.c 0x00000000   Number         0  stm32f10x_dac.o ABSOLUTE
    ..\Source\STM32F10xLib\src\stm32f10x_dma.c 0x00000000   Number         0  stm32f10x_dma.o ABSOLUTE
    ..\Source\STM32F10xLib\src\stm32f10x_exti.c 0x00000000   Number         0  stm32f10x_exti.o ABSOLUTE
    ..\Source\STM32F10xLib\src\stm32f10x_flash.c 0x00000000   Number         0  stm32f10x_flash.o ABSOLUTE
    ..\Source\STM32F10xLib\src\stm32f10x_fsmc.c 0x00000000   Number         0  stm32f10x_fsmc.o ABSOLUTE
    ..\Source\STM32F10xLib\src\stm32f10x_gpio.c 0x00000000   Number         0  stm32f10x_gpio.o ABSOLUTE
    ..\Source\STM32F10xLib\src\stm32f10x_i2c.c 0x00000000   Number         0  stm32f10x_i2c.o ABSOLUTE
    ..\Source\STM32F10xLib\src\stm32f10x_iwdg.c 0x00000000   Number         0  stm32f10x_iwdg.o ABSOLUTE
    ..\Source\STM32F10xLib\src\stm32f10x_pwr.c 0x00000000   Number         0  stm32f10x_pwr.o ABSOLUTE
    ..\Source\STM32F10xLib\src\stm32f10x_rcc.c 0x00000000   Number         0  stm32f10x_rcc.o ABSOLUTE
    ..\Source\STM32F10xLib\src\stm32f10x_rtc.c 0x00000000   Number         0  stm32f10x_rtc.o ABSOLUTE
    ..\Source\STM32F10xLib\src\stm32f10x_spi.c 0x00000000   Number         0  stm32f10x_spi.o ABSOLUTE
    ..\Source\STM32F10xLib\src\stm32f10x_tim.c 0x00000000   Number         0  stm32f10x_tim.o ABSOLUTE
    ..\Source\STM32F10xLib\src\stm32f10x_usart.c 0x00000000   Number         0  stm32f10x_usart.o ABSOLUTE
    ..\Source\STM32F10xLib\startup\startup_stm32f10x_hd.s 0x00000000   Number         0  startup_stm32f10x_hd.o ABSOLUTE
    ..\Source\USB\lib\usb_core.c             0x00000000   Number         0  usb_core.o ABSOLUTE
    ..\Source\USB\lib\usb_init.c             0x00000000   Number         0  usb_init.o ABSOLUTE
    ..\Source\USB\lib\usb_int.c              0x00000000   Number         0  usb_int.o ABSOLUTE
    ..\Source\USB\lib\usb_mem.c              0x00000000   Number         0  usb_mem.o ABSOLUTE
    ..\Source\USB\lib\usb_regs.c             0x00000000   Number         0  usb_regs.o ABSOLUTE
    ..\Source\USB\lib\usb_sil.c              0x00000000   Number         0  usb_sil.o ABSOLUTE
    ..\Source\USB\src\hw_config.c            0x00000000   Number         0  hw_config.o ABSOLUTE
    ..\Source\USB\src\usb_desc.c             0x00000000   Number         0  usb_desc.o ABSOLUTE
    ..\Source\USB\src\usb_endp.c             0x00000000   Number         0  usb_endp.o ABSOLUTE
    ..\Source\USB\src\usb_istr.c             0x00000000   Number         0  usb_istr.o ABSOLUTE
    ..\Source\USB\src\usb_it.c               0x00000000   Number         0  usb_it.o ABSOLUTE
    ..\Source\USB\src\usb_prop.c             0x00000000   Number         0  usb_prop.o ABSOLUTE
    ..\Source\USB\src\usb_pwr.c              0x00000000   Number         0  usb_pwr.o ABSOLUTE
    ..\\Source\\APP\\Main.c                  0x00000000   Number         0  main.o ABSOLUTE
    ..\\Source\\Drive\\IOI2C.c               0x00000000   Number         0  ioi2c.o ABSOLUTE
    ..\\Source\\Drive\\UART1.c               0x00000000   Number         0  uart1.o ABSOLUTE
    ..\\Source\\Drive\\UART2.c               0x00000000   Number         0  uart2.o ABSOLUTE
    ..\\Source\\Drive\\delay.c               0x00000000   Number         0  delay.o ABSOLUTE
    ..\\Source\\STM32F10xLib\\M3\\stm32f10x_it.c 0x00000000   Number         0  stm32f10x_it.o ABSOLUTE
    ..\\Source\\STM32F10xLib\\M3\\system_stm32f10x.c 0x00000000   Number         0  system_stm32f10x.o ABSOLUTE
    ..\\Source\\STM32F10xLib\\src\\misc.c    0x00000000   Number         0  misc.o ABSOLUTE
    ..\\Source\\STM32F10xLib\\src\\stm32f10x_adc.c 0x00000000   Number         0  stm32f10x_adc.o ABSOLUTE
    ..\\Source\\STM32F10xLib\\src\\stm32f10x_bkp.c 0x00000000   Number         0  stm32f10x_bkp.o ABSOLUTE
    ..\\Source\\STM32F10xLib\\src\\stm32f10x_can.c 0x00000000   Number         0  stm32f10x_can.o ABSOLUTE
    ..\\Source\\STM32F10xLib\\src\\stm32f10x_dac.c 0x00000000   Number         0  stm32f10x_dac.o ABSOLUTE
    ..\\Source\\STM32F10xLib\\src\\stm32f10x_dma.c 0x00000000   Number         0  stm32f10x_dma.o ABSOLUTE
    ..\\Source\\STM32F10xLib\\src\\stm32f10x_exti.c 0x00000000   Number         0  stm32f10x_exti.o ABSOLUTE
    ..\\Source\\STM32F10xLib\\src\\stm32f10x_flash.c 0x00000000   Number         0  stm32f10x_flash.o ABSOLUTE
    ..\\Source\\STM32F10xLib\\src\\stm32f10x_fsmc.c 0x00000000   Number         0  stm32f10x_fsmc.o ABSOLUTE
    ..\\Source\\STM32F10xLib\\src\\stm32f10x_gpio.c 0x00000000   Number         0  stm32f10x_gpio.o ABSOLUTE
    ..\\Source\\STM32F10xLib\\src\\stm32f10x_i2c.c 0x00000000   Number         0  stm32f10x_i2c.o ABSOLUTE
    ..\\Source\\STM32F10xLib\\src\\stm32f10x_iwdg.c 0x00000000   Number         0  stm32f10x_iwdg.o ABSOLUTE
    ..\\Source\\STM32F10xLib\\src\\stm32f10x_pwr.c 0x00000000   Number         0  stm32f10x_pwr.o ABSOLUTE
    ..\\Source\\STM32F10xLib\\src\\stm32f10x_rcc.c 0x00000000   Number         0  stm32f10x_rcc.o ABSOLUTE
    ..\\Source\\STM32F10xLib\\src\\stm32f10x_rtc.c 0x00000000   Number         0  stm32f10x_rtc.o ABSOLUTE
    ..\\Source\\STM32F10xLib\\src\\stm32f10x_spi.c 0x00000000   Number         0  stm32f10x_spi.o ABSOLUTE
    ..\\Source\\STM32F10xLib\\src\\stm32f10x_tim.c 0x00000000   Number         0  stm32f10x_tim.o ABSOLUTE
    ..\\Source\\STM32F10xLib\\src\\stm32f10x_usart.c 0x00000000   Number         0  stm32f10x_usart.o ABSOLUTE
    ..\\Source\\USB\\lib\\usb_core.c         0x00000000   Number         0  usb_core.o ABSOLUTE
    ..\\Source\\USB\\lib\\usb_init.c         0x00000000   Number         0  usb_init.o ABSOLUTE
    ..\\Source\\USB\\lib\\usb_int.c          0x00000000   Number         0  usb_int.o ABSOLUTE
    ..\\Source\\USB\\lib\\usb_mem.c          0x00000000   Number         0  usb_mem.o ABSOLUTE
    ..\\Source\\USB\\lib\\usb_regs.c         0x00000000   Number         0  usb_regs.o ABSOLUTE
    ..\\Source\\USB\\lib\\usb_sil.c          0x00000000   Number         0  usb_sil.o ABSOLUTE
    ..\\Source\\USB\\src\\hw_config.c        0x00000000   Number         0  hw_config.o ABSOLUTE
    ..\\Source\\USB\\src\\usb_desc.c         0x00000000   Number         0  usb_desc.o ABSOLUTE
    ..\\Source\\USB\\src\\usb_endp.c         0x00000000   Number         0  usb_endp.o ABSOLUTE
    ..\\Source\\USB\\src\\usb_istr.c         0x00000000   Number         0  usb_istr.o ABSOLUTE
    ..\\Source\\USB\\src\\usb_it.c           0x00000000   Number         0  usb_it.o ABSOLUTE
    ..\\Source\\USB\\src\\usb_prop.c         0x00000000   Number         0  usb_prop.o ABSOLUTE
    ..\\Source\\USB\\src\\usb_pwr.c          0x00000000   Number         0  usb_pwr.o ABSOLUTE
    cdrcmple.s                               0x00000000   Number         0  cdrcmple.o ABSOLUTE
    dc.s                                     0x00000000   Number         0  dc.o ABSOLUTE
    handlers.s                               0x00000000   Number         0  handlers.o ABSOLUTE
    init.s                                   0x00000000   Number         0  init.o ABSOLUTE
    RESET                                    0x08000000   Section      304  startup_stm32f10x_hd.o(RESET)
    .ARM.Collect$$$$00000000                 0x08000130   Section        0  entry.o(.ARM.Collect$$$$00000000)
    .ARM.Collect$$$$00000001                 0x08000130   Section        4  entry2.o(.ARM.Collect$$$$00000001)
    .ARM.Collect$$$$00000004                 0x08000134   Section        4  entry5.o(.ARM.Collect$$$$00000004)
    .ARM.Collect$$$$00000008                 0x08000138   Section        0  entry7b.o(.ARM.Collect$$$$00000008)
    .ARM.Collect$$$$0000000A                 0x08000138   Section        0  entry8b.o(.ARM.Collect$$$$0000000A)
    .ARM.Collect$$$$0000000B                 0x08000138   Section        8  entry9a.o(.ARM.Collect$$$$0000000B)
    .ARM.Collect$$$$0000000D                 0x08000140   Section        0  entry10a.o(.ARM.Collect$$$$0000000D)
    .ARM.Collect$$$$0000000F                 0x08000140   Section        0  entry11a.o(.ARM.Collect$$$$0000000F)
    .ARM.Collect$$$$00002712                 0x08000140   Section        4  entry2.o(.ARM.Collect$$$$00002712)
    __lit__00000000                          0x08000140   Data           4  entry2.o(.ARM.Collect$$$$00002712)
    .text                                    0x08000144   Section       36  startup_stm32f10x_hd.o(.text)
    .text                                    0x08000168   Section        0  strlen.o(.text)
    .text                                    0x08000176   Section        0  fmul.o(.text)
    .text                                    0x080001da   Section        0  fdiv.o(.text)
    .text                                    0x08000256   Section        0  fflti.o(.text)
    .text                                    0x08000268   Section        0  f2d.o(.text)
    .text                                    0x0800028e   Section        0  uidiv.o(.text)
    .text                                    0x080002ba   Section        0  uldiv.o(.text)
    .text                                    0x0800031c   Section        0  fepilogue.o(.text)
    .text                                    0x0800031c   Section        0  iusefp.o(.text)
    .text                                    0x0800038a   Section        0  dadd.o(.text)
    .text                                    0x080004d8   Section        0  dmul.o(.text)
    .text                                    0x080005bc   Section        0  ddiv.o(.text)
    .text                                    0x0800069a   Section        0  dfixul.o(.text)
    .text                                    0x080006cc   Section       48  cdrcmple.o(.text)
    .text                                    0x080006fc   Section       36  init.o(.text)
    .text                                    0x08000720   Section        0  llshl.o(.text)
    .text                                    0x0800073e   Section        0  llushr.o(.text)
    .text                                    0x0800075e   Section        0  llsshr.o(.text)
    .text                                    0x08000782   Section        0  depilogue.o(.text)
    .text                                    0x0800083c   Section        0  __dczerorl2.o(.text)
    i.BusFault_Handler                       0x08000892   Section        0  stm32f10x_it.o(i.BusFault_Handler)
    i.ByteSwap                               0x08000896   Section        0  usb_regs.o(i.ByteSwap)
    i.CTR_LP                                 0x080008a4   Section        0  usb_int.o(i.CTR_LP)
    i.CharToShort                            0x08000b2c   Section        0  main.o(i.CharToShort)
    i.ClearDTOG_RX                           0x08000b3c   Section        0  usb_regs.o(i.ClearDTOG_RX)
    i.ClearDTOG_TX                           0x08000b70   Section        0  usb_regs.o(i.ClearDTOG_TX)
    i.Clear_Status_Out                       0x08000ba4   Section        0  usb_regs.o(i.Clear_Status_Out)
    i.CopeSerialData                         0x08000bcc   Section        0  uart1.o(i.CopeSerialData)
    i.DataStageIn                            0x08000be8   Section        0  usb_core.o(i.DataStageIn)
    DataStageIn                              0x08000be9   Thumb Code   166  usb_core.o(i.DataStageIn)
    i.DataStageOut                           0x08000ca8   Section        0  usb_core.o(i.DataStageOut)
    DataStageOut                             0x08000ca9   Thumb Code   166  usb_core.o(i.DataStageOut)
    i.Data_Setup0                            0x08000d64   Section        0  usb_core.o(i.Data_Setup0)
    Data_Setup0                              0x08000d65   Thumb Code   628  usb_core.o(i.Data_Setup0)
    i.DebugMon_Handler                       0x08000ffc   Section        0  stm32f10x_it.o(i.DebugMon_Handler)
    i.Delay                                  0x08000ffe   Section        0  ioi2c.o(i.Delay)
    i.EP1_IN_Callback                        0x0800100c   Section        0  usb_endp.o(i.EP1_IN_Callback)
    i.EP3_OUT_Callback                       0x0800105c   Section        0  usb_endp.o(i.EP3_OUT_Callback)
    i.EXTI_ClearITPendingBit                 0x0800107c   Section        0  stm32f10x_exti.o(i.EXTI_ClearITPendingBit)
    i.EXTI_Init                              0x08001088   Section        0  stm32f10x_exti.o(i.EXTI_Init)
    i.GPIO_Init                              0x0800111c   Section        0  stm32f10x_gpio.o(i.GPIO_Init)
    i.GPIO_ResetBits                         0x08001232   Section        0  stm32f10x_gpio.o(i.GPIO_ResetBits)
    i.GPIO_SetBits                           0x08001236   Section        0  stm32f10x_gpio.o(i.GPIO_SetBits)
    i.GetEPRxAddr                            0x0800123c   Section        0  usb_regs.o(i.GetEPRxAddr)
    i.GetEPRxCount                           0x0800125c   Section        0  usb_regs.o(i.GetEPRxCount)
    i.GetEPTxAddr                            0x08001280   Section        0  usb_regs.o(i.GetEPTxAddr)
    i.Get_SerialNum                          0x080012a0   Section        0  hw_config.o(i.Get_SerialNum)
    i.HardFault_Handler                      0x080012d4   Section        0  stm32f10x_it.o(i.HardFault_Handler)
    i.IIC_Ack                                0x080012d8   Section        0  ioi2c.o(i.IIC_Ack)
    i.IIC_Init                               0x08001328   Section        0  ioi2c.o(i.IIC_Init)
    i.IIC_NAck                               0x08001384   Section        0  ioi2c.o(i.IIC_NAck)
    i.IIC_Read_Byte                          0x080013d4   Section        0  ioi2c.o(i.IIC_Read_Byte)
    i.IIC_Send_Byte                          0x08001444   Section        0  ioi2c.o(i.IIC_Send_Byte)
    i.IIC_Start                              0x080014ac   Section        0  ioi2c.o(i.IIC_Start)
    i.IIC_Stop                               0x080014f8   Section        0  ioi2c.o(i.IIC_Stop)
    i.IIC_Wait_Ack                           0x08001544   Section        0  ioi2c.o(i.IIC_Wait_Ack)
    i.IICreadBytes                           0x080015b4   Section        0  ioi2c.o(i.IICreadBytes)
    i.In0_Process                            0x08001620   Section        0  usb_core.o(i.In0_Process)
    i.Initial_UART1                          0x08001690   Section        0  uart1.o(i.Initial_UART1)
    i.IntToUnicode                           0x08001748   Section        0  hw_config.o(i.IntToUnicode)
    IntToUnicode                             0x08001749   Thumb Code    62  hw_config.o(i.IntToUnicode)
    i.Leave_LowPowerMode                     0x08001788   Section        0  hw_config.o(i.Leave_LowPowerMode)
    i.MemManage_Handler                      0x080017a8   Section        0  stm32f10x_it.o(i.MemManage_Handler)
    i.NMI_Handler                            0x080017ac   Section        0  stm32f10x_it.o(i.NMI_Handler)
    i.NOP_Process                            0x080017ae   Section        0  usb_core.o(i.NOP_Process)
    i.NVIC_Init                              0x080017b0   Section        0  misc.o(i.NVIC_Init)
    i.NVIC_PriorityGroupConfig               0x08001820   Section        0  misc.o(i.NVIC_PriorityGroupConfig)
    i.NoData_Setup0                          0x08001834   Section        0  usb_core.o(i.NoData_Setup0)
    NoData_Setup0                            0x08001835   Thumb Code   290  usb_core.o(i.NoData_Setup0)
    i.Out0_Process                           0x0800196c   Section        0  usb_core.o(i.Out0_Process)
    i.PMAToUserBufferCopy                    0x080019bc   Section        0  usb_mem.o(i.PMAToUserBufferCopy)
    i.PendSV_Handler                         0x080019e4   Section        0  stm32f10x_it.o(i.PendSV_Handler)
    i.Post0_Process                          0x080019e8   Section        0  usb_core.o(i.Post0_Process)
    i.PowerOn                                0x08001a30   Section        0  usb_pwr.o(i.PowerOn)
    i.QUEUE_PacketCreate                     0x08001a70   Section        0  queue.o(i.QUEUE_PacketCreate)
    i.QUEUE_PacketIn                         0x08001a7e   Section        0  queue.o(i.QUEUE_PacketIn)
    i.QUEUE_PacketOut                        0x08001aba   Section        0  queue.o(i.QUEUE_PacketOut)
    i.RCC_APB1PeriphClockCmd                 0x08001af4   Section        0  stm32f10x_rcc.o(i.RCC_APB1PeriphClockCmd)
    i.RCC_APB2PeriphClockCmd                 0x08001b14   Section        0  stm32f10x_rcc.o(i.RCC_APB2PeriphClockCmd)
    i.RCC_GetClocksFreq                      0x08001b34   Section        0  stm32f10x_rcc.o(i.RCC_GetClocksFreq)
    i.RCC_USBCLKConfig                       0x08001c08   Section        0  stm32f10x_rcc.o(i.RCC_USBCLKConfig)
    i.ReadData                               0x08001c14   Section        0  main.o(i.ReadData)
    i.Resume                                 0x08001ec8   Section        0  usb_pwr.o(i.Resume)
    i.Resume_Init                            0x08001f98   Section        0  usb_pwr.o(i.Resume_Init)
    i.SOF_Callback                           0x08001fbc   Section        0  usb_endp.o(i.SOF_Callback)
    i.SVC_Handler                            0x08002020   Section        0  stm32f10x_it.o(i.SVC_Handler)
    i.SetBTABLE                              0x08002024   Section        0  usb_regs.o(i.SetBTABLE)
    i.SetDeviceAddress                       0x08002034   Section        0  usb_core.o(i.SetDeviceAddress)
    i.SetEPRxAddr                            0x08002084   Section        0  usb_regs.o(i.SetEPRxAddr)
    i.SetEPRxCount                           0x080020a8   Section        0  usb_regs.o(i.SetEPRxCount)
    i.SetEPRxStatus                          0x080020f4   Section        0  usb_regs.o(i.SetEPRxStatus)
    i.SetEPRxValid                           0x08002134   Section        0  usb_regs.o(i.SetEPRxValid)
    i.SetEPTxAddr                            0x08002168   Section        0  usb_regs.o(i.SetEPTxAddr)
    i.SetEPTxCount                           0x08002188   Section        0  usb_regs.o(i.SetEPTxCount)
    i.SetEPTxStatus                          0x080021a4   Section        0  usb_regs.o(i.SetEPTxStatus)
    i.SetEPTxValid                           0x080021e4   Section        0  usb_regs.o(i.SetEPTxValid)
    i.SetEPType                              0x08002218   Section        0  usb_regs.o(i.SetEPType)
    i.SetSysClock                            0x0800223c   Section        0  system_stm32f10x.o(i.SetSysClock)
    SetSysClock                              0x0800223d   Thumb Code     8  system_stm32f10x.o(i.SetSysClock)
    i.SetSysClockTo72                        0x08002244   Section        0  system_stm32f10x.o(i.SetSysClockTo72)
    SetSysClockTo72                          0x08002245   Thumb Code   214  system_stm32f10x.o(i.SetSysClockTo72)
    i.Set_System                             0x08002324   Section        0  hw_config.o(i.Set_System)
    i.Set_USBClock                           0x0800239c   Section        0  hw_config.o(i.Set_USBClock)
    i.Setup0_Process                         0x080023b0   Section        0  usb_core.o(i.Setup0_Process)
    i.Standard_ClearFeature                  0x08002468   Section        0  usb_core.o(i.Standard_ClearFeature)
    i.Standard_GetConfiguration              0x080025d4   Section        0  usb_core.o(i.Standard_GetConfiguration)
    i.Standard_GetDescriptorData             0x08002600   Section        0  usb_core.o(i.Standard_GetDescriptorData)
    i.Standard_GetInterface                  0x08002624   Section        0  usb_core.o(i.Standard_GetInterface)
    i.Standard_GetStatus                     0x08002650   Section        0  usb_core.o(i.Standard_GetStatus)
    i.Standard_SetConfiguration              0x08002750   Section        0  usb_core.o(i.Standard_SetConfiguration)
    i.Standard_SetDeviceFeature              0x08002798   Section        0  usb_core.o(i.Standard_SetDeviceFeature)
    i.Standard_SetEndPointFeature            0x080027c0   Section        0  usb_core.o(i.Standard_SetEndPointFeature)
    i.Standard_SetInterface                  0x08002890   Section        0  usb_core.o(i.Standard_SetInterface)
    i.Suspend                                0x080028fc   Section        0  usb_pwr.o(i.Suspend)
    i.SysTick_Handler                        0x08002a00   Section        0  delay.o(i.SysTick_Handler)
    i.SysTick_init                           0x08002a20   Section        0  delay.o(i.SysTick_init)
    i.SystemInit                             0x08002a9c   Section        0  system_stm32f10x.o(i.SystemInit)
    i.UART1_Put_Char                         0x08002afc   Section        0  uart1.o(i.UART1_Put_Char)
    i.UART1_Put_String                       0x08002b2c   Section        0  uart1.o(i.UART1_Put_String)
    i.USART1_IRQHandler                      0x08002b5c   Section        0  uart1.o(i.USART1_IRQHandler)
    i.USART2_IRQHandler                      0x08002be4   Section        0  uart2.o(i.USART2_IRQHandler)
    i.USART_ClearFlag                        0x08002c5c   Section        0  stm32f10x_usart.o(i.USART_ClearFlag)
    i.USART_ClearITPendingBit                0x08002c6e   Section        0  stm32f10x_usart.o(i.USART_ClearITPendingBit)
    i.USART_Cmd                              0x08002c8c   Section        0  stm32f10x_usart.o(i.USART_Cmd)
    i.USART_GetITStatus                      0x08002ca4   Section        0  stm32f10x_usart.o(i.USART_GetITStatus)
    i.USART_ITConfig                         0x08002cf8   Section        0  stm32f10x_usart.o(i.USART_ITConfig)
    i.USART_Init                             0x08002d44   Section        0  stm32f10x_usart.o(i.USART_Init)
    i.USART_ReceiveData                      0x08002e1c   Section        0  stm32f10x_usart.o(i.USART_ReceiveData)
    i.USART_SendData                         0x08002e26   Section        0  stm32f10x_usart.o(i.USART_SendData)
    i.USBWakeUp_IRQHandler                   0x08002e2e   Section        0  usb_it.o(i.USBWakeUp_IRQHandler)
    i.USB_Cable_Config                       0x08002e3c   Section        0  hw_config.o(i.USB_Cable_Config)
    i.USB_Config                             0x08002e60   Section        0  hw_config.o(i.USB_Config)
    i.USB_Init                               0x08002e74   Section        0  usb_init.o(i.USB_Init)
    i.USB_Interrupts_Config                  0x08002eb0   Section        0  hw_config.o(i.USB_Interrupts_Config)
    i.USB_Istr                               0x08002ee4   Section        0  usb_istr.o(i.USB_Istr)
    i.USB_LP_CAN1_RX0_IRQHandler             0x080030b4   Section        0  usb_it.o(i.USB_LP_CAN1_RX0_IRQHandler)
    i.USB_RxWrite                            0x080030bc   Section        0  hw_config.o(i.USB_RxWrite)
    i.USB_SIL_Init                           0x080030d4   Section        0  usb_sil.o(i.USB_SIL_Init)
    i.USB_SIL_Read                           0x080030f8   Section        0  usb_sil.o(i.USB_SIL_Read)
    i.USB_TxRead                             0x08003128   Section        0  hw_config.o(i.USB_TxRead)
    i.USB_TxWrite                            0x08003140   Section        0  hw_config.o(i.USB_TxWrite)
    i.UsageFault_Handler                     0x08003158   Section        0  stm32f10x_it.o(i.UsageFault_Handler)
    i.UserToPMABufferCopy                    0x0800315c   Section        0  usb_mem.o(i.UserToPMABufferCopy)
    i.Virtual_Com_Port_Data_Setup            0x08003194   Section        0  usb_prop.o(i.Virtual_Com_Port_Data_Setup)
    i.Virtual_Com_Port_GetConfigDescriptor   0x080031f8   Section        0  usb_prop.o(i.Virtual_Com_Port_GetConfigDescriptor)
    i.Virtual_Com_Port_GetDeviceDescriptor   0x0800320c   Section        0  usb_prop.o(i.Virtual_Com_Port_GetDeviceDescriptor)
    i.Virtual_Com_Port_GetLineCoding         0x08003220   Section        0  usb_prop.o(i.Virtual_Com_Port_GetLineCoding)
    i.Virtual_Com_Port_GetStringDescriptor   0x0800323c   Section        0  usb_prop.o(i.Virtual_Com_Port_GetStringDescriptor)
    i.Virtual_Com_Port_Get_Interface_Setting 0x08003264   Section        0  usb_prop.o(i.Virtual_Com_Port_Get_Interface_Setting)
    i.Virtual_Com_Port_NoData_Setup          0x0800327c   Section        0  usb_prop.o(i.Virtual_Com_Port_NoData_Setup)
    i.Virtual_Com_Port_Reset                 0x080032a4   Section        0  usb_prop.o(i.Virtual_Com_Port_Reset)
    i.Virtual_Com_Port_SetConfiguration      0x0800338c   Section        0  usb_prop.o(i.Virtual_Com_Port_SetConfiguration)
    i.Virtual_Com_Port_SetDeviceAddress      0x080033a4   Section        0  usb_prop.o(i.Virtual_Com_Port_SetDeviceAddress)
    i.Virtual_Com_Port_SetLineCoding         0x080033b0   Section        0  usb_prop.o(i.Virtual_Com_Port_SetLineCoding)
    i.Virtual_Com_Port_Status_In             0x080033cc   Section        0  usb_prop.o(i.Virtual_Com_Port_Status_In)
    i.Virtual_Com_Port_Status_Out            0x080033e0   Section        0  usb_prop.o(i.Virtual_Com_Port_Status_Out)
    i.Virtual_Com_Port_init                  0x080033e4   Section        0  usb_prop.o(i.Virtual_Com_Port_init)
    i.__0sprintf                             0x0800340c   Section        0  printfa.o(i.__0sprintf)
    i.__scatterload_copy                     0x08003434   Section       14  handlers.o(i.__scatterload_copy)
    i.__scatterload_null                     0x08003442   Section        2  handlers.o(i.__scatterload_null)
    i.__scatterload_zeroinit                 0x08003444   Section       14  handlers.o(i.__scatterload_zeroinit)
    i._fp_digits                             0x08003454   Section        0  printfa.o(i._fp_digits)
    _fp_digits                               0x08003455   Thumb Code   366  printfa.o(i._fp_digits)
    i._printf_core                           0x080035d8   Section        0  printfa.o(i._printf_core)
    _printf_core                             0x080035d9   Thumb Code  1744  printfa.o(i._printf_core)
    i._printf_post_padding                   0x08003cb4   Section        0  printfa.o(i._printf_post_padding)
    _printf_post_padding                     0x08003cb5   Thumb Code    36  printfa.o(i._printf_post_padding)
    i._printf_pre_padding                    0x08003cd8   Section        0  printfa.o(i._printf_pre_padding)
    _printf_pre_padding                      0x08003cd9   Thumb Code    46  printfa.o(i._printf_pre_padding)
    i._sputc                                 0x08003d06   Section        0  printfa.o(i._sputc)
    _sputc                                   0x08003d07   Thumb Code    10  printfa.o(i._sputc)
    i.delay_ms                               0x08003d10   Section        0  delay.o(i.delay_ms)
    i.main                                   0x08003db8   Section        0  main.o(i.main)
    .constdata                               0x08003dde   Section      151  usb_desc.o(.constdata)
    .conststring                             0x08003e78   Section       84  main.o(.conststring)
    .data                                    0x20000000   Section        6  delay.o(.data)
    fac_us                                   0x20000000   Data           1  delay.o(.data)
    fac_ms                                   0x20000002   Data           2  delay.o(.data)
    .data                                    0x20000006   Section        3  uart1.o(.data)
    ucRxCnt                                  0x20000008   Data           1  uart1.o(.data)
    .data                                    0x20000009   Section        2  uart2.o(.data)
    .data                                    0x2000000b   Section       20  stm32f10x_rcc.o(.data)
    APBAHBPrescTable                         0x2000000b   Data          16  stm32f10x_rcc.o(.data)
    ADCPrescTable                            0x2000001b   Data           4  stm32f10x_rcc.o(.data)
    .data                                    0x20000020   Section       12  hw_config.o(.data)
    .data                                    0x2000002c   Section       38  usb_desc.o(.data)
    .data                                    0x20000054   Section        8  usb_endp.o(.data)
    txFlg                                    0x20000054   Data           1  usb_endp.o(.data)
    FrameCount                               0x20000058   Data           4  usb_endp.o(.data)
    .data                                    0x2000005c   Section       68  usb_istr.o(.data)
    .data                                    0x200000a0   Section      148  usb_prop.o(.data)
    .data                                    0x20000134   Section       12  usb_pwr.o(.data)
    .data                                    0x20000140   Section        3  usb_core.o(.data)
    .data                                    0x20000144   Section       20  usb_init.o(.data)
    .data                                    0x20000158   Section        4  usb_int.o(.data)
    .bss                                     0x2000015c   Section      180  main.o(.bss)
    .bss                                     0x20000210   Section      506  uart1.o(.bss)
    .bss                                     0x2000040a   Section      258  uart2.o(.bss)
    .bss                                     0x2000050c   Section     2608  hw_config.o(.bss)
    m_QueueUsbComRx                          0x2000051c   Data          16  hw_config.o(.bss)
    m_QueueUsbComTx                          0x2000052c   Data          16  hw_config.o(.bss)
    m_UsbComRxBuf                            0x2000053c   Data        1280  hw_config.o(.bss)
    m_UsbComTxBuf                            0x20000a3c   Data        1280  hw_config.o(.bss)
    .bss                                     0x20000f3c   Section      128  usb_endp.o(.bss)
    txBuffter                                0x20000f3c   Data          64  usb_endp.o(.bss)
    buffter                                  0x20000f7c   Data          64  usb_endp.o(.bss)
    .bss                                     0x20000fbc   Section       32  usb_pwr.o(.bss)
    .bss                                     0x20000fdc   Section       28  usb_init.o(.bss)
    STACK                                    0x20000ff8   Section     1024  startup_stm32f10x_hd.o(STACK)

    Global Symbols

    Symbol Name                              Value     Ov Type        Size  Object(Section)

    BuildAttributes$$THM_ISAv4$P$D$K$B$S$PE$A:L22UL41UL21$X:L11$S22US41US21$IEEE1$IW$USESV6$~STKCKD$USESV7$~SHL$OTIME$ROPI$EBA8$MICROLIB$REQ8$PRES8$EABIv2 0x00000000   Number         0  anon$$obj.o ABSOLUTE
    __ARM_use_no_argv                        0x00000000   Number         0  main.o ABSOLUTE
    _printf_a                                0x00000000   Number         0  stubs.o ABSOLUTE
    _printf_c                                0x00000000   Number         0  stubs.o ABSOLUTE
    _printf_charcount                        0x00000000   Number         0  stubs.o ABSOLUTE
    _printf_d                                0x00000000   Number         0  stubs.o ABSOLUTE
    _printf_e                                0x00000000   Number         0  stubs.o ABSOLUTE
    _printf_f                                0x00000000   Number         0  stubs.o ABSOLUTE
    _printf_flags                            0x00000000   Number         0  stubs.o ABSOLUTE
    _printf_fp_dec                           0x00000000   Number         0  stubs.o ABSOLUTE
    _printf_fp_hex                           0x00000000   Number         0  stubs.o ABSOLUTE
    _printf_g                                0x00000000   Number         0  stubs.o ABSOLUTE
    _printf_i                                0x00000000   Number         0  stubs.o ABSOLUTE
    _printf_int_dec                          0x00000000   Number         0  stubs.o ABSOLUTE
    _printf_l                                0x00000000   Number         0  stubs.o ABSOLUTE
    _printf_lc                               0x00000000   Number         0  stubs.o ABSOLUTE
    _printf_ll                               0x00000000   Number         0  stubs.o ABSOLUTE
    _printf_lld                              0x00000000   Number         0  stubs.o ABSOLUTE
    _printf_lli                              0x00000000   Number         0  stubs.o ABSOLUTE
    _printf_llo                              0x00000000   Number         0  stubs.o ABSOLUTE
    _printf_llu                              0x00000000   Number         0  stubs.o ABSOLUTE
    _printf_llx                              0x00000000   Number         0  stubs.o ABSOLUTE
    _printf_longlong_dec                     0x00000000   Number         0  stubs.o ABSOLUTE
    _printf_longlong_hex                     0x00000000   Number         0  stubs.o ABSOLUTE
    _printf_longlong_oct                     0x00000000   Number         0  stubs.o ABSOLUTE
    _printf_ls                               0x00000000   Number         0  stubs.o ABSOLUTE
    _printf_mbtowc                           0x00000000   Number         0  stubs.o ABSOLUTE
    _printf_n                                0x00000000   Number         0  stubs.o ABSOLUTE
    _printf_o                                0x00000000   Number         0  stubs.o ABSOLUTE
    _printf_p                                0x00000000   Number         0  stubs.o ABSOLUTE
    _printf_percent                          0x00000000   Number         0  stubs.o ABSOLUTE
    _printf_pre_padding                      0x00000000   Number         0  stubs.o ABSOLUTE
    _printf_return_value                     0x00000000   Number         0  stubs.o ABSOLUTE
    _printf_s                                0x00000000   Number         0  stubs.o ABSOLUTE
    _printf_sizespec                         0x00000000   Number         0  stubs.o ABSOLUTE
    _printf_str                              0x00000000   Number         0  stubs.o ABSOLUTE
    _printf_truncate_signed                  0x00000000   Number         0  stubs.o ABSOLUTE
    _printf_truncate_unsigned                0x00000000   Number         0  stubs.o ABSOLUTE
    _printf_u                                0x00000000   Number         0  stubs.o ABSOLUTE
    _printf_wc                               0x00000000   Number         0  stubs.o ABSOLUTE
    _printf_wctomb                           0x00000000   Number         0  stubs.o ABSOLUTE
    _printf_widthprec                        0x00000000   Number         0  stubs.o ABSOLUTE
    _printf_x                                0x00000000   Number         0  stubs.o ABSOLUTE
    __cpp_initialize__aeabi_                  - Undefined Weak Reference
    __cxa_finalize                            - Undefined Weak Reference
    _clock_init                               - Undefined Weak Reference
    _microlib_exit                            - Undefined Weak Reference
    __Vectors_Size                           0x00000130   Number         0  startup_stm32f10x_hd.o ABSOLUTE
    __Vectors                                0x08000000   Data           4  startup_stm32f10x_hd.o(RESET)
    __Vectors_End                            0x08000130   Data           0  startup_stm32f10x_hd.o(RESET)
    __main                                   0x08000131   Thumb Code     0  entry.o(.ARM.Collect$$$$00000000)
    _main_stk                                0x08000131   Thumb Code     0  entry2.o(.ARM.Collect$$$$00000001)
    _main_scatterload                        0x08000135   Thumb Code     0  entry5.o(.ARM.Collect$$$$00000004)
    __main_after_scatterload                 0x08000139   Thumb Code     0  entry5.o(.ARM.Collect$$$$00000004)
    _main_clock                              0x08000139   Thumb Code     0  entry7b.o(.ARM.Collect$$$$00000008)
    _main_cpp_init                           0x08000139   Thumb Code     0  entry8b.o(.ARM.Collect$$$$0000000A)
    _main_init                               0x08000139   Thumb Code     0  entry9a.o(.ARM.Collect$$$$0000000B)
    __rt_final_cpp                           0x08000141   Thumb Code     0  entry10a.o(.ARM.Collect$$$$0000000D)
    __rt_final_exit                          0x08000141   Thumb Code     0  entry11a.o(.ARM.Collect$$$$0000000F)
    Reset_Handler                            0x08000145   Thumb Code     8  startup_stm32f10x_hd.o(.text)
    ADC1_2_IRQHandler                        0x0800015f   Thumb Code     0  startup_stm32f10x_hd.o(.text)
    ADC3_IRQHandler                          0x0800015f   Thumb Code     0  startup_stm32f10x_hd.o(.text)
    CAN1_RX1_IRQHandler                      0x0800015f   Thumb Code     0  startup_stm32f10x_hd.o(.text)
    CAN1_SCE_IRQHandler                      0x0800015f   Thumb Code     0  startup_stm32f10x_hd.o(.text)
    DMA1_Channel1_IRQHandler                 0x0800015f   Thumb Code     0  startup_stm32f10x_hd.o(.text)
    DMA1_Channel2_IRQHandler                 0x0800015f   Thumb Code     0  startup_stm32f10x_hd.o(.text)
    DMA1_Channel3_IRQHandler                 0x0800015f   Thumb Code     0  startup_stm32f10x_hd.o(.text)
    DMA1_Channel4_IRQHandler                 0x0800015f   Thumb Code     0  startup_stm32f10x_hd.o(.text)
    DMA1_Channel5_IRQHandler                 0x0800015f   Thumb Code     0  startup_stm32f10x_hd.o(.text)
    DMA1_Channel6_IRQHandler                 0x0800015f   Thumb Code     0  startup_stm32f10x_hd.o(.text)
    DMA1_Channel7_IRQHandler                 0x0800015f   Thumb Code     0  startup_stm32f10x_hd.o(.text)
    DMA2_Channel1_IRQHandler                 0x0800015f   Thumb Code     0  startup_stm32f10x_hd.o(.text)
    DMA2_Channel2_IRQHandler                 0x0800015f   Thumb Code     0  startup_stm32f10x_hd.o(.text)
    DMA2_Channel3_IRQHandler                 0x0800015f   Thumb Code     0  startup_stm32f10x_hd.o(.text)
    DMA2_Channel4_5_IRQHandler               0x0800015f   Thumb Code     0  startup_stm32f10x_hd.o(.text)
    EXTI0_IRQHandler                         0x0800015f   Thumb Code     0  startup_stm32f10x_hd.o(.text)
    EXTI15_10_IRQHandler                     0x0800015f   Thumb Code     0  startup_stm32f10x_hd.o(.text)
    EXTI1_IRQHandler                         0x0800015f   Thumb Code     0  startup_stm32f10x_hd.o(.text)
    EXTI2_IRQHandler                         0x0800015f   Thumb Code     0  startup_stm32f10x_hd.o(.text)
    EXTI3_IRQHandler                         0x0800015f   Thumb Code     0  startup_stm32f10x_hd.o(.text)
    EXTI4_IRQHandler                         0x0800015f   Thumb Code     0  startup_stm32f10x_hd.o(.text)
    EXTI9_5_IRQHandler                       0x0800015f   Thumb Code     0  startup_stm32f10x_hd.o(.text)
    FLASH_IRQHandler                         0x0800015f   Thumb Code     0  startup_stm32f10x_hd.o(.text)
    FSMC_IRQHandler                          0x0800015f   Thumb Code     0  startup_stm32f10x_hd.o(.text)
    I2C1_ER_IRQHandler                       0x0800015f   Thumb Code     0  startup_stm32f10x_hd.o(.text)
    I2C1_EV_IRQHandler                       0x0800015f   Thumb Code     0  startup_stm32f10x_hd.o(.text)
    I2C2_ER_IRQHandler                       0x0800015f   Thumb Code     0  startup_stm32f10x_hd.o(.text)
    I2C2_EV_IRQHandler                       0x0800015f   Thumb Code     0  startup_stm32f10x_hd.o(.text)
    PVD_IRQHandler                           0x0800015f   Thumb Code     0  startup_stm32f10x_hd.o(.text)
    RCC_IRQHandler                           0x0800015f   Thumb Code     0  startup_stm32f10x_hd.o(.text)
    RTCAlarm_IRQHandler                      0x0800015f   Thumb Code     0  startup_stm32f10x_hd.o(.text)
    RTC_IRQHandler                           0x0800015f   Thumb Code     0  startup_stm32f10x_hd.o(.text)
    SDIO_IRQHandler                          0x0800015f   Thumb Code     0  startup_stm32f10x_hd.o(.text)
    SPI1_IRQHandler                          0x0800015f   Thumb Code     0  startup_stm32f10x_hd.o(.text)
    SPI2_IRQHandler                          0x0800015f   Thumb Code     0  startup_stm32f10x_hd.o(.text)
    SPI3_IRQHandler                          0x0800015f   Thumb Code     0  startup_stm32f10x_hd.o(.text)
    TAMPER_IRQHandler                        0x0800015f   Thumb Code     0  startup_stm32f10x_hd.o(.text)
    TIM1_BRK_IRQHandler                      0x0800015f   Thumb Code     0  startup_stm32f10x_hd.o(.text)
    TIM1_CC_IRQHandler                       0x0800015f   Thumb Code     0  startup_stm32f10x_hd.o(.text)
    TIM1_TRG_COM_IRQHandler                  0x0800015f   Thumb Code     0  startup_stm32f10x_hd.o(.text)
    TIM1_UP_IRQHandler                       0x0800015f   Thumb Code     0  startup_stm32f10x_hd.o(.text)
    TIM2_IRQHandler                          0x0800015f   Thumb Code     0  startup_stm32f10x_hd.o(.text)
    TIM3_IRQHandler                          0x0800015f   Thumb Code     0  startup_stm32f10x_hd.o(.text)
    TIM4_IRQHandler                          0x0800015f   Thumb Code     0  startup_stm32f10x_hd.o(.text)
    TIM5_IRQHandler                          0x0800015f   Thumb Code     0  startup_stm32f10x_hd.o(.text)
    TIM6_IRQHandler                          0x0800015f   Thumb Code     0  startup_stm32f10x_hd.o(.text)
    TIM7_IRQHandler                          0x0800015f   Thumb Code     0  startup_stm32f10x_hd.o(.text)
    TIM8_BRK_IRQHandler                      0x0800015f   Thumb Code     0  startup_stm32f10x_hd.o(.text)
    TIM8_CC_IRQHandler                       0x0800015f   Thumb Code     0  startup_stm32f10x_hd.o(.text)
    TIM8_TRG_COM_IRQHandler                  0x0800015f   Thumb Code     0  startup_stm32f10x_hd.o(.text)
    TIM8_UP_IRQHandler                       0x0800015f   Thumb Code     0  startup_stm32f10x_hd.o(.text)
    UART4_IRQHandler                         0x0800015f   Thumb Code     0  startup_stm32f10x_hd.o(.text)
    UART5_IRQHandler                         0x0800015f   Thumb Code     0  startup_stm32f10x_hd.o(.text)
    USART3_IRQHandler                        0x0800015f   Thumb Code     0  startup_stm32f10x_hd.o(.text)
    USB_HP_CAN1_TX_IRQHandler                0x0800015f   Thumb Code     0  startup_stm32f10x_hd.o(.text)
    WWDG_IRQHandler                          0x0800015f   Thumb Code     0  startup_stm32f10x_hd.o(.text)
    strlen                                   0x08000169   Thumb Code    14  strlen.o(.text)
    __aeabi_fmul                             0x08000177   Thumb Code   100  fmul.o(.text)
    __aeabi_fdiv                             0x080001db   Thumb Code   124  fdiv.o(.text)
    __aeabi_i2f                              0x08000257   Thumb Code    18  fflti.o(.text)
    __aeabi_f2d                              0x08000269   Thumb Code    38  f2d.o(.text)
    __aeabi_uidiv                            0x0800028f   Thumb Code     0  uidiv.o(.text)
    __aeabi_uidivmod                         0x0800028f   Thumb Code    44  uidiv.o(.text)
    __aeabi_uldivmod                         0x080002bb   Thumb Code    98  uldiv.o(.text)
    __I$use$fp                               0x0800031d   Thumb Code     0  iusefp.o(.text)
    _float_round                             0x0800031d   Thumb Code    18  fepilogue.o(.text)
    _float_epilogue                          0x0800032f   Thumb Code    92  fepilogue.o(.text)
    __aeabi_dadd                             0x0800038b   Thumb Code   322  dadd.o(.text)
    __aeabi_dsub                             0x080004cd   Thumb Code     6  dadd.o(.text)
    __aeabi_drsub                            0x080004d3   Thumb Code     6  dadd.o(.text)
    __aeabi_dmul                             0x080004d9   Thumb Code   228  dmul.o(.text)
    __aeabi_ddiv                             0x080005bd   Thumb Code   222  ddiv.o(.text)
    __aeabi_d2ulz                            0x0800069b   Thumb Code    48  dfixul.o(.text)
    __aeabi_cdrcmple                         0x080006cd   Thumb Code    48  cdrcmple.o(.text)
    __scatterload                            0x080006fd   Thumb Code    28  init.o(.text)
    __scatterload_rt2                        0x080006fd   Thumb Code     0  init.o(.text)
    __aeabi_llsl                             0x08000721   Thumb Code    30  llshl.o(.text)
    _ll_shift_l                              0x08000721   Thumb Code     0  llshl.o(.text)
    __aeabi_llsr                             0x0800073f   Thumb Code    32  llushr.o(.text)
    _ll_ushift_r                             0x0800073f   Thumb Code     0  llushr.o(.text)
    __aeabi_lasr                             0x0800075f   Thumb Code    36  llsshr.o(.text)
    _ll_sshift_r                             0x0800075f   Thumb Code     0  llsshr.o(.text)
    _double_round                            0x08000783   Thumb Code    30  depilogue.o(.text)
    _double_epilogue                         0x080007a1   Thumb Code   156  depilogue.o(.text)
    __decompress                             0x0800083d   Thumb Code     0  __dczerorl2.o(.text)
    __decompress1                            0x0800083d   Thumb Code    86  __dczerorl2.o(.text)
    BusFault_Handler                         0x08000893   Thumb Code     4  stm32f10x_it.o(i.BusFault_Handler)
    ByteSwap                                 0x08000897   Thumb Code    12  usb_regs.o(i.ByteSwap)
    CTR_LP                                   0x080008a5   Thumb Code   616  usb_int.o(i.CTR_LP)
    CharToShort                              0x08000b2d   Thumb Code    14  main.o(i.CharToShort)
    ClearDTOG_RX                             0x08000b3d   Thumb Code    48  usb_regs.o(i.ClearDTOG_RX)
    ClearDTOG_TX                             0x08000b71   Thumb Code    48  usb_regs.o(i.ClearDTOG_TX)
    Clear_Status_Out                         0x08000ba5   Thumb Code    34  usb_regs.o(i.Clear_Status_Out)
    CopeSerialData                           0x08000bcd   Thumb Code    18  uart1.o(i.CopeSerialData)
    DebugMon_Handler                         0x08000ffd   Thumb Code     2  stm32f10x_it.o(i.DebugMon_Handler)
    Delay                                    0x08000fff   Thumb Code    12  ioi2c.o(i.Delay)
    EP1_IN_Callback                          0x0800100d   Thumb Code    66  usb_endp.o(i.EP1_IN_Callback)
    EP3_OUT_Callback                         0x0800105d   Thumb Code    28  usb_endp.o(i.EP3_OUT_Callback)
    EXTI_ClearITPendingBit                   0x0800107d   Thumb Code     6  stm32f10x_exti.o(i.EXTI_ClearITPendingBit)
    EXTI_Init                                0x08001089   Thumb Code   142  stm32f10x_exti.o(i.EXTI_Init)
    GPIO_Init                                0x0800111d   Thumb Code   278  stm32f10x_gpio.o(i.GPIO_Init)
    GPIO_ResetBits                           0x08001233   Thumb Code     4  stm32f10x_gpio.o(i.GPIO_ResetBits)
    GPIO_SetBits                             0x08001237   Thumb Code     4  stm32f10x_gpio.o(i.GPIO_SetBits)
    GetEPRxAddr                              0x0800123d   Thumb Code    24  usb_regs.o(i.GetEPRxAddr)
    GetEPRxCount                             0x0800125d   Thumb Code    26  usb_regs.o(i.GetEPRxCount)
    GetEPTxAddr                              0x08001281   Thumb Code    22  usb_regs.o(i.GetEPTxAddr)
    Get_SerialNum                            0x080012a1   Thumb Code    42  hw_config.o(i.Get_SerialNum)
    HardFault_Handler                        0x080012d5   Thumb Code     4  stm32f10x_it.o(i.HardFault_Handler)
    IIC_Ack                                  0x080012d9   Thumb Code    66  ioi2c.o(i.IIC_Ack)
    IIC_Init                                 0x08001329   Thumb Code    78  ioi2c.o(i.IIC_Init)
    IIC_NAck                                 0x08001385   Thumb Code    66  ioi2c.o(i.IIC_NAck)
    IIC_Read_Byte                            0x080013d5   Thumb Code    98  ioi2c.o(i.IIC_Read_Byte)
    IIC_Send_Byte                            0x08001445   Thumb Code    90  ioi2c.o(i.IIC_Send_Byte)
    IIC_Start                                0x080014ad   Thumb Code    64  ioi2c.o(i.IIC_Start)
    IIC_Stop                                 0x080014f9   Thumb Code    62  ioi2c.o(i.IIC_Stop)
    IIC_Wait_Ack                             0x08001545   Thumb Code    98  ioi2c.o(i.IIC_Wait_Ack)
    IICreadBytes                             0x080015b5   Thumb Code   106  ioi2c.o(i.IICreadBytes)
    In0_Process                              0x08001621   Thumb Code    98  usb_core.o(i.In0_Process)
    Initial_UART1                            0x08001691   Thumb Code   174  uart1.o(i.Initial_UART1)
    Leave_LowPowerMode                       0x08001789   Thumb Code    22  hw_config.o(i.Leave_LowPowerMode)
    MemManage_Handler                        0x080017a9   Thumb Code     4  stm32f10x_it.o(i.MemManage_Handler)
    NMI_Handler                              0x080017ad   Thumb Code     2  stm32f10x_it.o(i.NMI_Handler)
    NOP_Process                              0x080017af   Thumb Code     2  usb_core.o(i.NOP_Process)
    NVIC_Init                                0x080017b1   Thumb Code   100  misc.o(i.NVIC_Init)
    NVIC_PriorityGroupConfig                 0x08001821   Thumb Code    10  misc.o(i.NVIC_PriorityGroupConfig)
    Out0_Process                             0x0800196d   Thumb Code    70  usb_core.o(i.Out0_Process)
    PMAToUserBufferCopy                      0x080019bd   Thumb Code    34  usb_mem.o(i.PMAToUserBufferCopy)
    PendSV_Handler                           0x080019e5   Thumb Code     2  stm32f10x_it.o(i.PendSV_Handler)
    Post0_Process                            0x080019e9   Thumb Code    54  usb_core.o(i.Post0_Process)
    PowerOn                                  0x08001a31   Thumb Code    54  usb_pwr.o(i.PowerOn)
    QUEUE_PacketCreate                       0x08001a71   Thumb Code    14  queue.o(i.QUEUE_PacketCreate)
    QUEUE_PacketIn                           0x08001a7f   Thumb Code    60  queue.o(i.QUEUE_PacketIn)
    QUEUE_PacketOut                          0x08001abb   Thumb Code    58  queue.o(i.QUEUE_PacketOut)
    RCC_APB1PeriphClockCmd                   0x08001af5   Thumb Code    26  stm32f10x_rcc.o(i.RCC_APB1PeriphClockCmd)
    RCC_APB2PeriphClockCmd                   0x08001b15   Thumb Code    26  stm32f10x_rcc.o(i.RCC_APB2PeriphClockCmd)
    RCC_GetClocksFreq                        0x08001b35   Thumb Code   192  stm32f10x_rcc.o(i.RCC_GetClocksFreq)
    RCC_USBCLKConfig                         0x08001c09   Thumb Code     6  stm32f10x_rcc.o(i.RCC_USBCLKConfig)
    ReadData                                 0x08001c15   Thumb Code   654  main.o(i.ReadData)
    Resume                                   0x08001ec9   Thumb Code   194  usb_pwr.o(i.Resume)
    Resume_Init                              0x08001f99   Thumb Code    30  usb_pwr.o(i.Resume_Init)
    SOF_Callback                             0x08001fbd   Thumb Code    84  usb_endp.o(i.SOF_Callback)
    SVC_Handler                              0x08002021   Thumb Code     2  stm32f10x_it.o(i.SVC_Handler)
    SetBTABLE                                0x08002025   Thumb Code    12  usb_regs.o(i.SetBTABLE)
    SetDeviceAddress                         0x08002035   Thumb Code    68  usb_core.o(i.SetDeviceAddress)
    SetEPRxAddr                              0x08002085   Thumb Code    26  usb_regs.o(i.SetEPRxAddr)
    SetEPRxCount                             0x080020a9   Thumb Code    68  usb_regs.o(i.SetEPRxCount)
    SetEPRxStatus                            0x080020f5   Thumb Code    60  usb_regs.o(i.SetEPRxStatus)
    SetEPRxValid                             0x08002135   Thumb Code    48  usb_regs.o(i.SetEPRxValid)
    SetEPTxAddr                              0x08002169   Thumb Code    24  usb_regs.o(i.SetEPTxAddr)
    SetEPTxCount                             0x08002189   Thumb Code    20  usb_regs.o(i.SetEPTxCount)
    SetEPTxStatus                            0x080021a5   Thumb Code    60  usb_regs.o(i.SetEPTxStatus)
    SetEPTxValid                             0x080021e5   Thumb Code    48  usb_regs.o(i.SetEPTxValid)
    SetEPType                                0x08002219   Thumb Code    32  usb_regs.o(i.SetEPType)
    Set_System                               0x08002325   Thumb Code    94  hw_config.o(i.Set_System)
    Set_USBClock                             0x0800239d   Thumb Code    18  hw_config.o(i.Set_USBClock)
    Setup0_Process                           0x080023b1   Thumb Code   170  usb_core.o(i.Setup0_Process)
    Standard_ClearFeature                    0x08002469   Thumb Code   342  usb_core.o(i.Standard_ClearFeature)
    Standard_GetConfiguration                0x080025d5   Thumb Code    34  usb_core.o(i.Standard_GetConfiguration)
    Standard_GetDescriptorData               0x08002601   Thumb Code    32  usb_core.o(i.Standard_GetDescriptorData)
    Standard_GetInterface                    0x08002625   Thumb Code    34  usb_core.o(i.Standard_GetInterface)
    Standard_GetStatus                       0x08002651   Thumb Code   238  usb_core.o(i.Standard_GetStatus)
    Standard_SetConfiguration                0x08002751   Thumb Code    60  usb_core.o(i.Standard_SetConfiguration)
    Standard_SetDeviceFeature                0x08002799   Thumb Code    30  usb_core.o(i.Standard_SetDeviceFeature)
    Standard_SetEndPointFeature              0x080027c1   Thumb Code   192  usb_core.o(i.Standard_SetEndPointFeature)
    Standard_SetInterface                    0x08002891   Thumb Code    96  usb_core.o(i.Standard_SetInterface)
    Suspend                                  0x080028fd   Thumb Code   238  usb_pwr.o(i.Suspend)
    SysTick_Handler                          0x08002a01   Thumb Code    24  delay.o(i.SysTick_Handler)
    SysTick_init                             0x08002a21   Thumb Code   114  delay.o(i.SysTick_init)
    SystemInit                               0x08002a9d   Thumb Code    78  system_stm32f10x.o(i.SystemInit)
    UART1_Put_Char                           0x08002afd   Thumb Code    34  uart1.o(i.UART1_Put_Char)
    UART1_Put_String                         0x08002b2d   Thumb Code    46  uart1.o(i.UART1_Put_String)
    USART1_IRQHandler                        0x08002b5d   Thumb Code   118  uart1.o(i.USART1_IRQHandler)
    USART2_IRQHandler                        0x08002be5   Thumb Code   104  uart2.o(i.USART2_IRQHandler)
    USART_ClearFlag                          0x08002c5d   Thumb Code    18  stm32f10x_usart.o(i.USART_ClearFlag)
    USART_ClearITPendingBit                  0x08002c6f   Thumb Code    30  stm32f10x_usart.o(i.USART_ClearITPendingBit)
    USART_Cmd                                0x08002c8d   Thumb Code    24  stm32f10x_usart.o(i.USART_Cmd)
    USART_GetITStatus                        0x08002ca5   Thumb Code    84  stm32f10x_usart.o(i.USART_GetITStatus)
    USART_ITConfig                           0x08002cf9   Thumb Code    74  stm32f10x_usart.o(i.USART_ITConfig)
    USART_Init                               0x08002d45   Thumb Code   210  stm32f10x_usart.o(i.USART_Init)
    USART_ReceiveData                        0x08002e1d   Thumb Code    10  stm32f10x_usart.o(i.USART_ReceiveData)
    USART_SendData                           0x08002e27   Thumb Code     8  stm32f10x_usart.o(i.USART_SendData)
    USBWakeUp_IRQHandler                     0x08002e2f   Thumb Code    12  usb_it.o(i.USBWakeUp_IRQHandler)
    USB_Cable_Config                         0x08002e3d   Thumb Code    30  hw_config.o(i.USB_Cable_Config)
    USB_Config                               0x08002e61   Thumb Code    20  hw_config.o(i.USB_Config)
    USB_Init                                 0x08002e75   Thumb Code    36  usb_init.o(i.USB_Init)
    USB_Interrupts_Config                    0x08002eb1   Thumb Code    52  hw_config.o(i.USB_Interrupts_Config)
    USB_Istr                                 0x08002ee5   Thumb Code   426  usb_istr.o(i.USB_Istr)
    USB_LP_CAN1_RX0_IRQHandler               0x080030b5   Thumb Code     8  usb_it.o(i.USB_LP_CAN1_RX0_IRQHandler)
    USB_RxWrite                              0x080030bd   Thumb Code    18  hw_config.o(i.USB_RxWrite)
    USB_SIL_Init                             0x080030d5   Thumb Code    28  usb_sil.o(i.USB_SIL_Init)
    USB_SIL_Read                             0x080030f9   Thumb Code    46  usb_sil.o(i.USB_SIL_Read)
    USB_TxRead                               0x08003129   Thumb Code    18  hw_config.o(i.USB_TxRead)
    USB_TxWrite                              0x08003141   Thumb Code    18  hw_config.o(i.USB_TxWrite)
    UsageFault_Handler                       0x08003159   Thumb Code     4  stm32f10x_it.o(i.UsageFault_Handler)
    UserToPMABufferCopy                      0x0800315d   Thumb Code    52  usb_mem.o(i.UserToPMABufferCopy)
    Virtual_Com_Port_Data_Setup              0x08003195   Thumb Code    82  usb_prop.o(i.Virtual_Com_Port_Data_Setup)
    Virtual_Com_Port_GetConfigDescriptor     0x080031f9   Thumb Code    14  usb_prop.o(i.Virtual_Com_Port_GetConfigDescriptor)
    Virtual_Com_Port_GetDeviceDescriptor     0x0800320d   Thumb Code    14  usb_prop.o(i.Virtual_Com_Port_GetDeviceDescriptor)
    Virtual_Com_Port_GetLineCoding           0x08003221   Thumb Code    20  usb_prop.o(i.Virtual_Com_Port_GetLineCoding)
    Virtual_Com_Port_GetStringDescriptor     0x0800323d   Thumb Code    32  usb_prop.o(i.Virtual_Com_Port_GetStringDescriptor)
    Virtual_Com_Port_Get_Interface_Setting   0x08003265   Thumb Code    22  usb_prop.o(i.Virtual_Com_Port_Get_Interface_Setting)
    Virtual_Com_Port_NoData_Setup            0x0800327d   Thumb Code    36  usb_prop.o(i.Virtual_Com_Port_NoData_Setup)
    Virtual_Com_Port_Reset                   0x080032a5   Thumb Code   216  usb_prop.o(i.Virtual_Com_Port_Reset)
    Virtual_Com_Port_SetConfiguration        0x0800338d   Thumb Code    14  usb_prop.o(i.Virtual_Com_Port_SetConfiguration)
    Virtual_Com_Port_SetDeviceAddress        0x080033a5   Thumb Code     8  usb_prop.o(i.Virtual_Com_Port_SetDeviceAddress)
    Virtual_Com_Port_SetLineCoding           0x080033b1   Thumb Code    20  usb_prop.o(i.Virtual_Com_Port_SetLineCoding)
    Virtual_Com_Port_Status_In               0x080033cd   Thumb Code    16  usb_prop.o(i.Virtual_Com_Port_Status_In)
    Virtual_Com_Port_Status_Out              0x080033e1   Thumb Code     2  usb_prop.o(i.Virtual_Com_Port_Status_Out)
    Virtual_Com_Port_init                    0x080033e5   Thumb Code    30  usb_prop.o(i.Virtual_Com_Port_init)
    __0sprintf                               0x0800340d   Thumb Code    34  printfa.o(i.__0sprintf)
    __1sprintf                               0x0800340d   Thumb Code     0  printfa.o(i.__0sprintf)
    __2sprintf                               0x0800340d   Thumb Code     0  printfa.o(i.__0sprintf)
    __c89sprintf                             0x0800340d   Thumb Code     0  printfa.o(i.__0sprintf)
    sprintf                                  0x0800340d   Thumb Code     0  printfa.o(i.__0sprintf)
    __scatterload_copy                       0x08003435   Thumb Code    14  handlers.o(i.__scatterload_copy)
    __scatterload_null                       0x08003443   Thumb Code     2  handlers.o(i.__scatterload_null)
    __scatterload_zeroinit                   0x08003445   Thumb Code    14  handlers.o(i.__scatterload_zeroinit)
    delay_ms                                 0x08003d11   Thumb Code   158  delay.o(i.delay_ms)
    main                                     0x08003db9   Thumb Code    38  main.o(i.main)
    Virtual_Com_Port_DeviceDescriptor        0x08003dde   Data          18  usb_desc.o(.constdata)
    Virtual_Com_Port_ConfigDescriptor        0x08003df0   Data          67  usb_desc.o(.constdata)
    Virtual_Com_Port_StringLangID            0x08003e33   Data           4  usb_desc.o(.constdata)
    Virtual_Com_Port_StringVendor            0x08003e37   Data          24  usb_desc.o(.constdata)
    Virtual_Com_Port_StringProduct           0x08003e4f   Data          38  usb_desc.o(.constdata)
    Region$$Table$$Base                      0x08003ecc   Number         0  anon$$obj.o(Region$$Table)
    Region$$Table$$Limit                     0x08003eec   Number         0  anon$$obj.o(Region$$Table)
    ucTimeFlag                               0x20000004   Data           1  delay.o(.data)
    ucDelayFlag                              0x20000005   Data           1  delay.o(.data)
    TxCounter                                0x20000006   Data           1  uart1.o(.data)
    count                                    0x20000007   Data           1  uart1.o(.data)
    U2TxCounter                              0x20000009   Data           1  uart2.o(.data)
    U2count                                  0x2000000a   Data           1  uart2.o(.data)
    HSEStartUpStatus                         0x20000020   Data           1  hw_config.o(.data)
    EXTI_InitStructure                       0x20000024   Data           8  hw_config.o(.data)
    Virtual_Com_Port_StringSerial            0x2000002c   Data          38  usb_desc.o(.data)
    wIstr                                    0x2000005c   Data           2  usb_istr.o(.data)
    bIntPackSOF                              0x2000005e   Data           1  usb_istr.o(.data)
    esof_counter                             0x20000060   Data           4  usb_istr.o(.data)
    wCNTR                                    0x20000064   Data           4  usb_istr.o(.data)
    pEpInt_IN                                0x20000068   Data          28  usb_istr.o(.data)
    pEpInt_OUT                               0x20000084   Data          28  usb_istr.o(.data)
    Request                                  0x200000a0   Data           1  usb_prop.o(.data)
    linecoding                               0x200000a4   Data           8  usb_prop.o(.data)
    Device_Table                             0x200000ac   Data           2  usb_prop.o(.data)
    Device_Property                          0x200000b0   Data          48  usb_prop.o(.data)
    User_Standard_Requests                   0x200000e0   Data          36  usb_prop.o(.data)
    Device_Descriptor                        0x20000104   Data           8  usb_prop.o(.data)
    Config_Descriptor                        0x2000010c   Data           8  usb_prop.o(.data)
    String_Descriptor                        0x20000114   Data          32  usb_prop.o(.data)
    bDeviceState                             0x20000134   Data           4  usb_pwr.o(.data)
    fSuspendEnabled                          0x20000138   Data           1  usb_pwr.o(.data)
    ResumeS                                  0x20000139   Data           2  usb_pwr.o(.data)
    remotewakeupon                           0x2000013c   Data           4  usb_pwr.o(.data)
    StatusInfo                               0x20000140   Data           2  usb_core.o(.data)
    Data_Mul_MaxPacketSize                   0x20000142   Data           1  usb_core.o(.data)
    EPindex                                  0x20000144   Data           1  usb_init.o(.data)
    pInformation                             0x20000148   Data           4  usb_init.o(.data)
    pProperty                                0x2000014c   Data           4  usb_init.o(.data)
    SaveState                                0x20000150   Data           2  usb_init.o(.data)
    wInterrupt_Mask                          0x20000152   Data           2  usb_init.o(.data)
    pUser_Standard_Requests                  0x20000154   Data           4  usb_init.o(.data)
    SaveRState                               0x20000158   Data           2  usb_int.o(.data)
    SaveTState                               0x2000015a   Data           2  usb_int.o(.data)
    chrTemp                                  0x2000015c   Data          30  main.o(.bss)
    str                                      0x2000017a   Data         100  main.o(.bss)
    a                                        0x200001e0   Data          12  main.o(.bss)
    w                                        0x200001ec   Data          12  main.o(.bss)
    h                                        0x200001f8   Data          12  main.o(.bss)
    Angle                                    0x20000204   Data          12  main.o(.bss)
    TxBuffer                                 0x20000210   Data         256  uart1.o(.bss)
    ucRxBuffer                               0x20000310   Data         250  uart1.o(.bss)
    U2TxBuffer                               0x2000040a   Data         258  uart2.o(.bss)
    USART_InitStructure                      0x2000050c   Data          16  hw_config.o(.bss)
    EP                                       0x20000fbc   Data          32  usb_pwr.o(.bss)
    Device_Info                              0x20000fdc   Data          28  usb_init.o(.bss)
    __initial_sp                             0x200013f8   Data           0  startup_stm32f10x_hd.o(STACK)



==============================================================================

Memory Map of the image

  Image Entry point : 0x08000131

  Load Region LR_IROM1 (Base: 0x08000000, Size: 0x00004048, Max: 0x00010000, ABSOLUTE, COMPRESSED[0x00003f8c])

    Execution Region ER_IROM1 (Exec base: 0x08000000, Load base: 0x08000000, Size: 0x00003eec, Max: 0x00010000, ABSOLUTE)

    Exec Addr    Load Addr    Size         Type   Attr      Idx    E Section Name        Object

    0x08000000   0x08000000   0x00000130   Data   RO         3022    RESET               startup_stm32f10x_hd.o
    0x08000130   0x08000130   0x00000000   Code   RO         4318  * .ARM.Collect$$$$00000000  mc_w.l(entry.o)
    0x08000130   0x08000130   0x00000004   Code   RO         4596    .ARM.Collect$$$$00000001  mc_w.l(entry2.o)
    0x08000134   0x08000134   0x00000004   Code   RO         4599    .ARM.Collect$$$$00000004  mc_w.l(entry5.o)
    0x08000138   0x08000138   0x00000000   Code   RO         4601    .ARM.Collect$$$$00000008  mc_w.l(entry7b.o)
    0x08000138   0x08000138   0x00000000   Code   RO         4603    .ARM.Collect$$$$0000000A  mc_w.l(entry8b.o)
    0x08000138   0x08000138   0x00000008   Code   RO         4604    .ARM.Collect$$$$0000000B  mc_w.l(entry9a.o)
    0x08000140   0x08000140   0x00000000   Code   RO         4606    .ARM.Collect$$$$0000000D  mc_w.l(entry10a.o)
    0x08000140   0x08000140   0x00000000   Code   RO         4608    .ARM.Collect$$$$0000000F  mc_w.l(entry11a.o)
    0x08000140   0x08000140   0x00000004   Code   RO         4597    .ARM.Collect$$$$00002712  mc_w.l(entry2.o)
    0x08000144   0x08000144   0x00000024   Code   RO         3023    .text               startup_stm32f10x_hd.o
    0x08000168   0x08000168   0x0000000e   Code   RO         4323    .text               mc_w.l(strlen.o)
    0x08000176   0x08000176   0x00000064   Code   RO         4588    .text               mf_w.l(fmul.o)
    0x080001da   0x080001da   0x0000007c   Code   RO         4590    .text               mf_w.l(fdiv.o)
    0x08000256   0x08000256   0x00000012   Code   RO         4592    .text               mf_w.l(fflti.o)
    0x08000268   0x08000268   0x00000026   Code   RO         4594    .text               mf_w.l(f2d.o)
    0x0800028e   0x0800028e   0x0000002c   Code   RO         4613    .text               mc_w.l(uidiv.o)
    0x080002ba   0x080002ba   0x00000062   Code   RO         4615    .text               mc_w.l(uldiv.o)
    0x0800031c   0x0800031c   0x00000000   Code   RO         4617    .text               mc_w.l(iusefp.o)
    0x0800031c   0x0800031c   0x0000006e   Code   RO         4618    .text               mf_w.l(fepilogue.o)
    0x0800038a   0x0800038a   0x0000014e   Code   RO         4620    .text               mf_w.l(dadd.o)
    0x080004d8   0x080004d8   0x000000e4   Code   RO         4622    .text               mf_w.l(dmul.o)
    0x080005bc   0x080005bc   0x000000de   Code   RO         4624    .text               mf_w.l(ddiv.o)
    0x0800069a   0x0800069a   0x00000030   Code   RO         4626    .text               mf_w.l(dfixul.o)
    0x080006ca   0x080006ca   0x00000002   PAD
    0x080006cc   0x080006cc   0x00000030   Code   RO         4628    .text               mf_w.l(cdrcmple.o)
    0x080006fc   0x080006fc   0x00000024   Code   RO         4630    .text               mc_w.l(init.o)
    0x08000720   0x08000720   0x0000001e   Code   RO         4633    .text               mc_w.l(llshl.o)
    0x0800073e   0x0800073e   0x00000020   Code   RO         4635    .text               mc_w.l(llushr.o)
    0x0800075e   0x0800075e   0x00000024   Code   RO         4637    .text               mc_w.l(llsshr.o)
    0x08000782   0x08000782   0x000000ba   Code   RO         4640    .text               mf_w.l(depilogue.o)
    0x0800083c   0x0800083c   0x00000056   Code   RO         4650    .text               mc_w.l(__dczerorl2.o)
    0x08000892   0x08000892   0x00000004   Code   RO         2611    i.BusFault_Handler  stm32f10x_it.o
    0x08000896   0x08000896   0x0000000c   Code   RO         3920    i.ByteSwap          usb_regs.o
    0x080008a2   0x080008a2   0x00000002   PAD
    0x080008a4   0x080008a4   0x00000288   Code   RO         3857    i.CTR_LP            usb_int.o
    0x08000b2c   0x08000b2c   0x0000000e   Code   RO            3    i.CharToShort       main.o
    0x08000b3a   0x08000b3a   0x00000002   PAD
    0x08000b3c   0x08000b3c   0x00000034   Code   RO         3921    i.ClearDTOG_RX      usb_regs.o
    0x08000b70   0x08000b70   0x00000034   Code   RO         3922    i.ClearDTOG_TX      usb_regs.o
    0x08000ba4   0x08000ba4   0x00000028   Code   RO         3927    i.Clear_Status_Out  usb_regs.o
    0x08000bcc   0x08000bcc   0x0000001c   Code   RO          250    i.CopeSerialData    uart1.o
    0x08000be8   0x08000be8   0x000000c0   Code   RO         3698    i.DataStageIn       usb_core.o
    0x08000ca8   0x08000ca8   0x000000bc   Code   RO         3699    i.DataStageOut      usb_core.o
    0x08000d64   0x08000d64   0x00000298   Code   RO         3700    i.Data_Setup0       usb_core.o
    0x08000ffc   0x08000ffc   0x00000002   Code   RO         2612    i.DebugMon_Handler  stm32f10x_it.o
    0x08000ffe   0x08000ffe   0x0000000c   Code   RO          170    i.Delay             ioi2c.o
    0x0800100a   0x0800100a   0x00000002   PAD
    0x0800100c   0x0800100c   0x00000050   Code   RO         3448    i.EP1_IN_Callback   usb_endp.o
    0x0800105c   0x0800105c   0x00000020   Code   RO         3449    i.EP3_OUT_Callback  usb_endp.o
    0x0800107c   0x0800107c   0x0000000c   Code   RO         1080    i.EXTI_ClearITPendingBit  stm32f10x_exti.o
    0x08001088   0x08001088   0x00000094   Code   RO         1085    i.EXTI_Init         stm32f10x_exti.o
    0x0800111c   0x0800111c   0x00000116   Code   RO         1332    i.GPIO_Init         stm32f10x_gpio.o
    0x08001232   0x08001232   0x00000004   Code   RO         1339    i.GPIO_ResetBits    stm32f10x_gpio.o
    0x08001236   0x08001236   0x00000004   Code   RO         1340    i.GPIO_SetBits      stm32f10x_gpio.o
    0x0800123a   0x0800123a   0x00000002   PAD
    0x0800123c   0x0800123c   0x00000020   Code   RO         3939    i.GetEPRxAddr       usb_regs.o
    0x0800125c   0x0800125c   0x00000024   Code   RO         3940    i.GetEPRxCount      usb_regs.o
    0x08001280   0x08001280   0x00000020   Code   RO         3942    i.GetEPTxAddr       usb_regs.o
    0x080012a0   0x080012a0   0x00000034   Code   RO         3288    i.Get_SerialNum     hw_config.o
    0x080012d4   0x080012d4   0x00000004   Code   RO         2613    i.HardFault_Handler  stm32f10x_it.o
    0x080012d8   0x080012d8   0x00000050   Code   RO          171    i.IIC_Ack           ioi2c.o
    0x08001328   0x08001328   0x0000005c   Code   RO          172    i.IIC_Init          ioi2c.o
    0x08001384   0x08001384   0x00000050   Code   RO          173    i.IIC_NAck          ioi2c.o
    0x080013d4   0x080013d4   0x00000070   Code   RO          174    i.IIC_Read_Byte     ioi2c.o
    0x08001444   0x08001444   0x00000068   Code   RO          175    i.IIC_Send_Byte     ioi2c.o
    0x080014ac   0x080014ac   0x0000004c   Code   RO          176    i.IIC_Start         ioi2c.o
    0x080014f8   0x080014f8   0x0000004c   Code   RO          177    i.IIC_Stop          ioi2c.o
    0x08001544   0x08001544   0x00000070   Code   RO          178    i.IIC_Wait_Ack      ioi2c.o
    0x080015b4   0x080015b4   0x0000006a   Code   RO          179    i.IICreadBytes      ioi2c.o
    0x0800161e   0x0800161e   0x00000002   PAD
    0x08001620   0x08001620   0x00000070   Code   RO         3701    i.In0_Process       usb_core.o
    0x08001690   0x08001690   0x000000b8   Code   RO          251    i.Initial_UART1     uart1.o
    0x08001748   0x08001748   0x0000003e   Code   RO         3289    i.IntToUnicode      hw_config.o
    0x08001786   0x08001786   0x00000002   PAD
    0x08001788   0x08001788   0x00000020   Code   RO         3290    i.Leave_LowPowerMode  hw_config.o
    0x080017a8   0x080017a8   0x00000004   Code   RO         2614    i.MemManage_Handler  stm32f10x_it.o
    0x080017ac   0x080017ac   0x00000002   Code   RO         2615    i.NMI_Handler       stm32f10x_it.o
    0x080017ae   0x080017ae   0x00000002   Code   RO         3702    i.NOP_Process       usb_core.o
    0x080017b0   0x080017b0   0x00000070   Code   RO          464    i.NVIC_Init         misc.o
    0x08001820   0x08001820   0x00000014   Code   RO          465    i.NVIC_PriorityGroupConfig  misc.o
    0x08001834   0x08001834   0x00000138   Code   RO         3703    i.NoData_Setup0     usb_core.o
    0x0800196c   0x0800196c   0x00000050   Code   RO         3704    i.Out0_Process      usb_core.o
    0x080019bc   0x080019bc   0x00000028   Code   RO         3894    i.PMAToUserBufferCopy  usb_mem.o
    0x080019e4   0x080019e4   0x00000002   Code   RO         2616    i.PendSV_Handler    stm32f10x_it.o
    0x080019e6   0x080019e6   0x00000002   PAD
    0x080019e8   0x080019e8   0x00000048   Code   RO         3705    i.Post0_Process     usb_core.o
    0x08001a30   0x08001a30   0x00000040   Code   RO         3648    i.PowerOn           usb_pwr.o
    0x08001a70   0x08001a70   0x0000000e   Code   RO          334    i.QUEUE_PacketCreate  queue.o
    0x08001a7e   0x08001a7e   0x0000003c   Code   RO          336    i.QUEUE_PacketIn    queue.o
    0x08001aba   0x08001aba   0x0000003a   Code   RO          338    i.QUEUE_PacketOut   queue.o
    0x08001af4   0x08001af4   0x00000020   Code   RO         1503    i.RCC_APB1PeriphClockCmd  stm32f10x_rcc.o
    0x08001b14   0x08001b14   0x00000020   Code   RO         1505    i.RCC_APB2PeriphClockCmd  stm32f10x_rcc.o
    0x08001b34   0x08001b34   0x000000d4   Code   RO         1513    i.RCC_GetClocksFreq  stm32f10x_rcc.o
    0x08001c08   0x08001c08   0x0000000c   Code   RO         1531    i.RCC_USBCLKConfig  stm32f10x_rcc.o
    0x08001c14   0x08001c14   0x000002b4   Code   RO            4    i.ReadData          main.o
    0x08001ec8   0x08001ec8   0x000000d0   Code   RO         3649    i.Resume            usb_pwr.o
    0x08001f98   0x08001f98   0x00000024   Code   RO         3650    i.Resume_Init       usb_pwr.o
    0x08001fbc   0x08001fbc   0x00000064   Code   RO         3450    i.SOF_Callback      usb_endp.o
    0x08002020   0x08002020   0x00000002   Code   RO         2617    i.SVC_Handler       stm32f10x_it.o
    0x08002022   0x08002022   0x00000002   PAD
    0x08002024   0x08002024   0x00000010   Code   RO         3950    i.SetBTABLE         usb_regs.o
    0x08002034   0x08002034   0x00000050   Code   RO         3706    i.SetDeviceAddress  usb_core.o
    0x08002084   0x08002084   0x00000024   Code   RO         3964    i.SetEPRxAddr       usb_regs.o
    0x080020a8   0x080020a8   0x0000004c   Code   RO         3965    i.SetEPRxCount      usb_regs.o
    0x080020f4   0x080020f4   0x00000040   Code   RO         3966    i.SetEPRxStatus     usb_regs.o
    0x08002134   0x08002134   0x00000034   Code   RO         3967    i.SetEPRxValid      usb_regs.o
    0x08002168   0x08002168   0x00000020   Code   RO         3968    i.SetEPTxAddr       usb_regs.o
    0x08002188   0x08002188   0x0000001c   Code   RO         3969    i.SetEPTxCount      usb_regs.o
    0x080021a4   0x080021a4   0x00000040   Code   RO         3970    i.SetEPTxStatus     usb_regs.o
    0x080021e4   0x080021e4   0x00000034   Code   RO         3971    i.SetEPTxValid      usb_regs.o
    0x08002218   0x08002218   0x00000024   Code   RO         3972    i.SetEPType         usb_regs.o
    0x0800223c   0x0800223c   0x00000008   Code   RO          422    i.SetSysClock       system_stm32f10x.o
    0x08002244   0x08002244   0x000000e0   Code   RO          423    i.SetSysClockTo72   system_stm32f10x.o
    0x08002324   0x08002324   0x00000078   Code   RO         3291    i.Set_System        hw_config.o
    0x0800239c   0x0800239c   0x00000012   Code   RO         3292    i.Set_USBClock      hw_config.o
    0x080023ae   0x080023ae   0x00000002   PAD
    0x080023b0   0x080023b0   0x000000b8   Code   RO         3707    i.Setup0_Process    usb_core.o
    0x08002468   0x08002468   0x0000016c   Code   RO         3708    i.Standard_ClearFeature  usb_core.o
    0x080025d4   0x080025d4   0x0000002c   Code   RO         3709    i.Standard_GetConfiguration  usb_core.o
    0x08002600   0x08002600   0x00000024   Code   RO         3710    i.Standard_GetDescriptorData  usb_core.o
    0x08002624   0x08002624   0x0000002c   Code   RO         3711    i.Standard_GetInterface  usb_core.o
    0x08002650   0x08002650   0x00000100   Code   RO         3712    i.Standard_GetStatus  usb_core.o
    0x08002750   0x08002750   0x00000048   Code   RO         3713    i.Standard_SetConfiguration  usb_core.o
    0x08002798   0x08002798   0x00000028   Code   RO         3714    i.Standard_SetDeviceFeature  usb_core.o
    0x080027c0   0x080027c0   0x000000d0   Code   RO         3715    i.Standard_SetEndPointFeature  usb_core.o
    0x08002890   0x08002890   0x0000006c   Code   RO         3716    i.Standard_SetInterface  usb_core.o
    0x080028fc   0x080028fc   0x00000104   Code   RO         3651    i.Suspend           usb_pwr.o
    0x08002a00   0x08002a00   0x00000020   Code   RO          124    i.SysTick_Handler   delay.o
    0x08002a20   0x08002a20   0x0000007c   Code   RO          125    i.SysTick_init      delay.o
    0x08002a9c   0x08002a9c   0x00000060   Code   RO          425    i.SystemInit        system_stm32f10x.o
    0x08002afc   0x08002afc   0x00000030   Code   RO          252    i.UART1_Put_Char    uart1.o
    0x08002b2c   0x08002b2c   0x0000002e   Code   RO          253    i.UART1_Put_String  uart1.o
    0x08002b5a   0x08002b5a   0x00000002   PAD
    0x08002b5c   0x08002b5c   0x00000088   Code   RO          254    i.USART1_IRQHandler  uart1.o
    0x08002be4   0x08002be4   0x00000078   Code   RO          303    i.USART2_IRQHandler  uart2.o
    0x08002c5c   0x08002c5c   0x00000012   Code   RO         2423    i.USART_ClearFlag   stm32f10x_usart.o
    0x08002c6e   0x08002c6e   0x0000001e   Code   RO         2424    i.USART_ClearITPendingBit  stm32f10x_usart.o
    0x08002c8c   0x08002c8c   0x00000018   Code   RO         2427    i.USART_Cmd         stm32f10x_usart.o
    0x08002ca4   0x08002ca4   0x00000054   Code   RO         2431    i.USART_GetITStatus  stm32f10x_usart.o
    0x08002cf8   0x08002cf8   0x0000004a   Code   RO         2433    i.USART_ITConfig    stm32f10x_usart.o
    0x08002d42   0x08002d42   0x00000002   PAD
    0x08002d44   0x08002d44   0x000000d8   Code   RO         2434    i.USART_Init        stm32f10x_usart.o
    0x08002e1c   0x08002e1c   0x0000000a   Code   RO         2441    i.USART_ReceiveData  stm32f10x_usart.o
    0x08002e26   0x08002e26   0x00000008   Code   RO         2444    i.USART_SendData    stm32f10x_usart.o
    0x08002e2e   0x08002e2e   0x0000000c   Code   RO         3512    i.USBWakeUp_IRQHandler  usb_it.o
    0x08002e3a   0x08002e3a   0x00000002   PAD
    0x08002e3c   0x08002e3c   0x00000024   Code   RO         3293    i.USB_Cable_Config  hw_config.o
    0x08002e60   0x08002e60   0x00000014   Code   RO         3294    i.USB_Config        hw_config.o
    0x08002e74   0x08002e74   0x0000003c   Code   RO         3825    i.USB_Init          usb_init.o
    0x08002eb0   0x08002eb0   0x00000034   Code   RO         3295    i.USB_Interrupts_Config  hw_config.o
    0x08002ee4   0x08002ee4   0x000001d0   Code   RO         3486    i.USB_Istr          usb_istr.o
    0x080030b4   0x080030b4   0x00000008   Code   RO         3513    i.USB_LP_CAN1_RX0_IRQHandler  usb_it.o
    0x080030bc   0x080030bc   0x00000018   Code   RO         3297    i.USB_RxWrite       hw_config.o
    0x080030d4   0x080030d4   0x00000024   Code   RO         4288    i.USB_SIL_Init      usb_sil.o
    0x080030f8   0x080030f8   0x0000002e   Code   RO         4289    i.USB_SIL_Read      usb_sil.o
    0x08003126   0x08003126   0x00000002   PAD
    0x08003128   0x08003128   0x00000018   Code   RO         3298    i.USB_TxRead        hw_config.o
    0x08003140   0x08003140   0x00000018   Code   RO         3299    i.USB_TxWrite       hw_config.o
    0x08003158   0x08003158   0x00000004   Code   RO         2618    i.UsageFault_Handler  stm32f10x_it.o
    0x0800315c   0x0800315c   0x00000038   Code   RO         3895    i.UserToPMABufferCopy  usb_mem.o
    0x08003194   0x08003194   0x00000064   Code   RO         3538    i.Virtual_Com_Port_Data_Setup  usb_prop.o
    0x080031f8   0x080031f8   0x00000014   Code   RO         3539    i.Virtual_Com_Port_GetConfigDescriptor  usb_prop.o
    0x0800320c   0x0800320c   0x00000014   Code   RO         3540    i.Virtual_Com_Port_GetDeviceDescriptor  usb_prop.o
    0x08003220   0x08003220   0x0000001c   Code   RO         3541    i.Virtual_Com_Port_GetLineCoding  usb_prop.o
    0x0800323c   0x0800323c   0x00000028   Code   RO         3542    i.Virtual_Com_Port_GetStringDescriptor  usb_prop.o
    0x08003264   0x08003264   0x00000016   Code   RO         3543    i.Virtual_Com_Port_Get_Interface_Setting  usb_prop.o
    0x0800327a   0x0800327a   0x00000002   PAD
    0x0800327c   0x0800327c   0x00000028   Code   RO         3544    i.Virtual_Com_Port_NoData_Setup  usb_prop.o
    0x080032a4   0x080032a4   0x000000e8   Code   RO         3545    i.Virtual_Com_Port_Reset  usb_prop.o
    0x0800338c   0x0800338c   0x00000018   Code   RO         3546    i.Virtual_Com_Port_SetConfiguration  usb_prop.o
    0x080033a4   0x080033a4   0x0000000c   Code   RO         3547    i.Virtual_Com_Port_SetDeviceAddress  usb_prop.o
    0x080033b0   0x080033b0   0x0000001c   Code   RO         3548    i.Virtual_Com_Port_SetLineCoding  usb_prop.o
    0x080033cc   0x080033cc   0x00000014   Code   RO         3549    i.Virtual_Com_Port_Status_In  usb_prop.o
    0x080033e0   0x080033e0   0x00000002   Code   RO         3550    i.Virtual_Com_Port_Status_Out  usb_prop.o
    0x080033e2   0x080033e2   0x00000002   PAD
    0x080033e4   0x080033e4   0x00000028   Code   RO         3551    i.Virtual_Com_Port_init  usb_prop.o
    0x0800340c   0x0800340c   0x00000028   Code   RO         4562    i.__0sprintf        mc_w.l(printfa.o)
    0x08003434   0x08003434   0x0000000e   Code   RO         4644    i.__scatterload_copy  mc_w.l(handlers.o)
    0x08003442   0x08003442   0x00000002   Code   RO         4645    i.__scatterload_null  mc_w.l(handlers.o)
    0x08003444   0x08003444   0x0000000e   Code   RO         4646    i.__scatterload_zeroinit  mc_w.l(handlers.o)
    0x08003452   0x08003452   0x00000002   PAD
    0x08003454   0x08003454   0x00000184   Code   RO         4567    i._fp_digits        mc_w.l(printfa.o)
    0x080035d8   0x080035d8   0x000006dc   Code   RO         4568    i._printf_core      mc_w.l(printfa.o)
    0x08003cb4   0x08003cb4   0x00000024   Code   RO         4569    i._printf_post_padding  mc_w.l(printfa.o)
    0x08003cd8   0x08003cd8   0x0000002e   Code   RO         4570    i._printf_pre_padding  mc_w.l(printfa.o)
    0x08003d06   0x08003d06   0x0000000a   Code   RO         4572    i._sputc            mc_w.l(printfa.o)
    0x08003d10   0x08003d10   0x000000a8   Code   RO          126    i.delay_ms          delay.o
    0x08003db8   0x08003db8   0x00000026   Code   RO            6    i.main              main.o
    0x08003dde   0x08003dde   0x00000097   Data   RO         3427    .constdata          usb_desc.o
    0x08003e75   0x08003e75   0x00000003   PAD
    0x08003e78   0x08003e78   0x00000054   Data   RO            8    .conststring        main.o
    0x08003ecc   0x08003ecc   0x00000020   Data   RO         4642    Region$$Table       anon$$obj.o


    Execution Region RW_IRAM1 (Exec base: 0x20000000, Load base: 0x08003eec, Size: 0x000013f8, Max: 0x00005000, ABSOLUTE, COMPRESSED[0x000000a0])

    Exec Addr    Load Addr    Size         Type   Attr      Idx    E Section Name        Object

    0x20000000   COMPRESSED   0x00000006   Data   RW          128    .data               delay.o
    0x20000006   COMPRESSED   0x00000003   Data   RW          256    .data               uart1.o
    0x20000009   COMPRESSED   0x00000002   Data   RW          305    .data               uart2.o
    0x2000000b   COMPRESSED   0x00000014   Data   RW         1533    .data               stm32f10x_rcc.o
    0x2000001f   COMPRESSED   0x00000001   PAD
    0x20000020   COMPRESSED   0x0000000c   Data   RW         3301    .data               hw_config.o
    0x2000002c   COMPRESSED   0x00000026   Data   RW         3428    .data               usb_desc.o
    0x20000052   COMPRESSED   0x00000002   PAD
    0x20000054   COMPRESSED   0x00000008   Data   RW         3452    .data               usb_endp.o
    0x2000005c   COMPRESSED   0x00000044   Data   RW         3487    .data               usb_istr.o
    0x200000a0   COMPRESSED   0x00000094   Data   RW         3552    .data               usb_prop.o
    0x20000134   COMPRESSED   0x0000000c   Data   RW         3653    .data               usb_pwr.o
    0x20000140   COMPRESSED   0x00000003   Data   RW         3717    .data               usb_core.o
    0x20000143   COMPRESSED   0x00000001   PAD
    0x20000144   COMPRESSED   0x00000014   Data   RW         3827    .data               usb_init.o
    0x20000158   COMPRESSED   0x00000004   Data   RW         3858    .data               usb_int.o
    0x2000015c        -       0x000000b4   Zero   RW            7    .bss                main.o
    0x20000210        -       0x000001fa   Zero   RW          255    .bss                uart1.o
    0x2000040a        -       0x00000102   Zero   RW          304    .bss                uart2.o
    0x2000050c        -       0x00000a30   Zero   RW         3300    .bss                hw_config.o
    0x20000f3c        -       0x00000080   Zero   RW         3451    .bss                usb_endp.o
    0x20000fbc        -       0x00000020   Zero   RW         3652    .bss                usb_pwr.o
    0x20000fdc        -       0x0000001c   Zero   RW         3826    .bss                usb_init.o
    0x20000ff8        -       0x00000400   Zero   RW         3020    STACK               startup_stm32f10x_hd.o


==============================================================================

Image component sizes


      Code (inc. data)   RO Data    RW Data    ZI Data      Debug   Object Name

       324         28          0          6          0       2201   delay.o
       464         70          0         12       2608      12173   hw_config.o
       850        110          0          0          0       6169   ioi2c.o
       744         38         84          0        180     237774   main.o
       132         22          0          0          0       1639   misc.o
       132          0          0          0          0       5892   queue.o
        36          8        304          0       1024        860   startup_stm32f10x_hd.o
       160         12          0          0          0       1609   stm32f10x_exti.o
       286          0          0          0          0       3176   stm32f10x_gpio.o
        24          0          0          0          0       3928   stm32f10x_it.o
       288         38          0         20          0       5161   stm32f10x_rcc.o
       464          6          0          0          0       7039   stm32f10x_usart.o
       328         28          0          0          0       2133   system_stm32f10x.o
       442         52          0          3        506       3919   uart1.o
       120         16          0          2        258       1481   uart2.o
      3058        288          0          3          0      14647   usb_core.o
         0          0        151         38          0       1135   usb_desc.o
       212         34          0          8        128       2444   usb_endp.o
        60         24          0         20         28       4138   usb_init.o
       648         32          0          4          0       1764   usb_int.o
       464         38          0         68          0       1707   usb_istr.o
        20          0          0          0          0       1012   usb_it.o
        96         10          0          0          0       1784   usb_mem.o
       628        102          0        148          0      12129   usb_prop.o
       568         60          0         12         32       4012   usb_pwr.o
       712        100          0          0          0       9931   usb_regs.o
        82          8          0          0          0       1478   usb_sil.o

    ----------------------------------------------------------------------
     11372       1124        574        348       4764     351335   Object Totals
         0          0         32          0          0          0   (incl. Generated)
        30          0          3          4          0          0   (incl. Padding)

    ----------------------------------------------------------------------

      Code (inc. data)   RO Data    RW Data    ZI Data      Debug   Library Member Name

        86          0          0          0          0          0   __dczerorl2.o
         0          0          0          0          0          0   entry.o
         0          0          0          0          0          0   entry10a.o
         0          0          0          0          0          0   entry11a.o
         8          4          0          0          0          0   entry2.o
         4          0          0          0          0          0   entry5.o
         0          0          0          0          0          0   entry7b.o
         0          0          0          0          0          0   entry8b.o
         8          4          0          0          0          0   entry9a.o
        30          0          0          0          0          0   handlers.o
        36          8          0          0          0         68   init.o
         0          0          0          0          0          0   iusefp.o
        30          0          0          0          0         68   llshl.o
        36          0          0          0          0         68   llsshr.o
        32          0          0          0          0         68   llushr.o
      2276         86          0          0          0        520   printfa.o
        14          0          0          0          0         68   strlen.o
        44          0          0          0          0         80   uidiv.o
        98          0          0          0          0         92   uldiv.o
        48          0          0          0          0         68   cdrcmple.o
       334          0          0          0          0        148   dadd.o
       222          0          0          0          0        100   ddiv.o
       186          0          0          0          0        176   depilogue.o
        48          0          0          0          0         68   dfixul.o
       228          0          0          0          0         96   dmul.o
        38          0          0          0          0         68   f2d.o
       124          0          0          0          0         88   fdiv.o
       110          0          0          0          0        168   fepilogue.o
        18          0          0          0          0         68   fflti.o
       100          0          0          0          0         76   fmul.o

    ----------------------------------------------------------------------
      4162        102          0          0          0       2156   Library Totals
         4          0          0          0          0          0   (incl. Padding)

    ----------------------------------------------------------------------

      Code (inc. data)   RO Data    RW Data    ZI Data      Debug   Library Name

      2702        102          0          0          0       1032   mc_w.l
      1456          0          0          0          0       1124   mf_w.l

    ----------------------------------------------------------------------
      4162        102          0          0          0       2156   Library Totals

    ----------------------------------------------------------------------

==============================================================================


      Code (inc. data)   RO Data    RW Data    ZI Data      Debug   

     15534       1226        574        348       4764     345923   Grand Totals
     15534       1226        574        160       4764     345923   ELF Image Totals (compressed)
     15534       1226        574        160          0          0   ROM Totals

==============================================================================

    Total RO  Size (Code + RO Data)                16108 (  15.73kB)
    Total RW  Size (RW Data + ZI Data)              5112 (   4.99kB)
    Total ROM Size (Code + RO Data + RW Data)      16268 (  15.89kB)

==============================================================================

